Archive member included to satisfy reference by file (symbol)

/Applications/STM32CubeIDE.app/Contents/Eclipse/plugins/com.st.stm32cube.ide.mcu.externaltools.gnu-tools-for-stm32.13.3.rel1.macos64_1.0.0.202411102158/tools/bin/../lib/gcc/arm-none-eabi/13.3.1/../../../../arm-none-eabi/lib/thumb/v7e-m+fp/hard/libc_nano.a(libc_a-exit.o)
                              /Applications/STM32CubeIDE.app/Contents/Eclipse/plugins/com.st.stm32cube.ide.mcu.externaltools.gnu-tools-for-stm32.13.3.rel1.macos64_1.0.0.202411102158/tools/bin/../lib/gcc/arm-none-eabi/13.3.1/../../../../arm-none-eabi/lib/thumb/v7e-m+fp/hard/crt0.o (exit)
/Applications/STM32CubeIDE.app/Contents/Eclipse/plugins/com.st.stm32cube.ide.mcu.externaltools.gnu-tools-for-stm32.13.3.rel1.macos64_1.0.0.202411102158/tools/bin/../lib/gcc/arm-none-eabi/13.3.1/../../../../arm-none-eabi/lib/thumb/v7e-m+fp/hard/libc_nano.a(libc_a-findfp.o)
                              ./Middlewares/Third_Party/FreeRTOS/Source/tasks.o (__sf)
/Applications/STM32CubeIDE.app/Contents/Eclipse/plugins/com.st.stm32cube.ide.mcu.externaltools.gnu-tools-for-stm32.13.3.rel1.macos64_1.0.0.202411102158/tools/bin/../lib/gcc/arm-none-eabi/13.3.1/../../../../arm-none-eabi/lib/thumb/v7e-m+fp/hard/libc_nano.a(libc_a-fwalk.o)
                              /Applications/STM32CubeIDE.app/Contents/Eclipse/plugins/com.st.stm32cube.ide.mcu.externaltools.gnu-tools-for-stm32.13.3.rel1.macos64_1.0.0.202411102158/tools/bin/../lib/gcc/arm-none-eabi/13.3.1/../../../../arm-none-eabi/lib/thumb/v7e-m+fp/hard/libc_nano.a(libc_a-findfp.o) (_fwalk_sglue)
/Applications/STM32CubeIDE.app/Contents/Eclipse/plugins/com.st.stm32cube.ide.mcu.externaltools.gnu-tools-for-stm32.13.3.rel1.macos64_1.0.0.202411102158/tools/bin/../lib/gcc/arm-none-eabi/13.3.1/../../../../arm-none-eabi/lib/thumb/v7e-m+fp/hard/libc_nano.a(libc_a-memset.o)
                              /Applications/STM32CubeIDE.app/Contents/Eclipse/plugins/com.st.stm32cube.ide.mcu.externaltools.gnu-tools-for-stm32.13.3.rel1.macos64_1.0.0.202411102158/tools/bin/../lib/gcc/arm-none-eabi/13.3.1/../../../../arm-none-eabi/lib/thumb/v7e-m+fp/hard/crt0.o (memset)
/Applications/STM32CubeIDE.app/Contents/Eclipse/plugins/com.st.stm32cube.ide.mcu.externaltools.gnu-tools-for-stm32.13.3.rel1.macos64_1.0.0.202411102158/tools/bin/../lib/gcc/arm-none-eabi/13.3.1/../../../../arm-none-eabi/lib/thumb/v7e-m+fp/hard/libc_nano.a(libc_a-errno.o)
                              ./Core/Src/syscalls.o (__errno)
/Applications/STM32CubeIDE.app/Contents/Eclipse/plugins/com.st.stm32cube.ide.mcu.externaltools.gnu-tools-for-stm32.13.3.rel1.macos64_1.0.0.202411102158/tools/bin/../lib/gcc/arm-none-eabi/13.3.1/../../../../arm-none-eabi/lib/thumb/v7e-m+fp/hard/libc_nano.a(libc_a-init.o)
                              /Applications/STM32CubeIDE.app/Contents/Eclipse/plugins/com.st.stm32cube.ide.mcu.externaltools.gnu-tools-for-stm32.13.3.rel1.macos64_1.0.0.202411102158/tools/bin/../lib/gcc/arm-none-eabi/13.3.1/../../../../arm-none-eabi/lib/thumb/v7e-m+fp/hard/crt0.o (__libc_init_array)
/Applications/STM32CubeIDE.app/Contents/Eclipse/plugins/com.st.stm32cube.ide.mcu.externaltools.gnu-tools-for-stm32.13.3.rel1.macos64_1.0.0.202411102158/tools/bin/../lib/gcc/arm-none-eabi/13.3.1/../../../../arm-none-eabi/lib/thumb/v7e-m+fp/hard/libc_nano.a(libc_a-lock.o)
                              /Applications/STM32CubeIDE.app/Contents/Eclipse/plugins/com.st.stm32cube.ide.mcu.externaltools.gnu-tools-for-stm32.13.3.rel1.macos64_1.0.0.202411102158/tools/bin/../lib/gcc/arm-none-eabi/13.3.1/../../../../arm-none-eabi/lib/thumb/v7e-m+fp/hard/libc_nano.a(libc_a-findfp.o) (__retarget_lock_init_recursive)
/Applications/STM32CubeIDE.app/Contents/Eclipse/plugins/com.st.stm32cube.ide.mcu.externaltools.gnu-tools-for-stm32.13.3.rel1.macos64_1.0.0.202411102158/tools/bin/../lib/gcc/arm-none-eabi/13.3.1/../../../../arm-none-eabi/lib/thumb/v7e-m+fp/hard/libc_nano.a(libc_a-reent.o)
                              ./Middlewares/Third_Party/FreeRTOS/Source/tasks.o (_reclaim_reent)
/Applications/STM32CubeIDE.app/Contents/Eclipse/plugins/com.st.stm32cube.ide.mcu.externaltools.gnu-tools-for-stm32.13.3.rel1.macos64_1.0.0.202411102158/tools/bin/../lib/gcc/arm-none-eabi/13.3.1/../../../../arm-none-eabi/lib/thumb/v7e-m+fp/hard/libc_nano.a(libc_a-impure.o)
                              ./Middlewares/Third_Party/FreeRTOS/Source/tasks.o (_impure_ptr)
/Applications/STM32CubeIDE.app/Contents/Eclipse/plugins/com.st.stm32cube.ide.mcu.externaltools.gnu-tools-for-stm32.13.3.rel1.macos64_1.0.0.202411102158/tools/bin/../lib/gcc/arm-none-eabi/13.3.1/../../../../arm-none-eabi/lib/thumb/v7e-m+fp/hard/libc_nano.a(libc_a-memcpy-stub.o)
                              ./Middlewares/Third_Party/FreeRTOS/Source/queue.o (memcpy)
[...]
Memory Configuration

Name             Origin             Length             Attributes
CCMRAM           0x10000000         0x00010000         xrw
RAM              0x20000000         0x00030000         xrw
FLASH            0x08000000         0x00200000         xr
*default*        0x00000000         0xffffffff

Linker script and memory map

LOAD /Applications/STM32CubeIDE.app/Contents/Eclipse/plugins/com.st.stm32cube.ide.mcu.externaltools.gnu-tools-for-stm32.13.3.rel1.macos64_1.0.0.202411102158/tools/bin/../lib/gcc/arm-none-eabi/13.3.1/thumb/v7e-m+fp/hard/crti.o
LOAD /Applications/STM32CubeIDE.app/Contents/Eclipse/plugins/com.st.stm32cube.ide.mcu.externaltools.gnu-tools-for-stm32.13.3.rel1.macos64_1.0.0.202411102158/tools/bin/../lib/gcc/arm-none-eabi/13.3.1/thumb/v7e-m+fp/hard/crtbegin.o
LOAD /Applications/STM32CubeIDE.app/Contents/Eclipse/plugins/com.st.stm32cube.ide.mcu.externaltools.gnu-tools-for-stm32.13.3.rel1.macos64_1.0.0.202411102158/tools/bin/../lib/gcc/arm-none-eabi/13.3.1/../../../../arm-none-eabi/lib/thumb/v7e-m+fp/hard/crt0.o
LOAD ./Core/Src/app_control.o
LOAD ./Core/Src/as5600_port_hal.o
LOAD ./Core/Src/bsp_as5600.o
LOAD ./Core/Src/bsp_can.o
LOAD ./Core/Src/can.o
LOAD ./Core/Src/freertos.o
LOAD ./Core/Src/gpio.o
LOAD ./Core/Src/i2c.o
LOAD ./Core/Src/main.o
LOAD ./Core/Src/pid.o
LOAD ./Core/Src/stm32f4xx_hal_msp.o
LOAD ./Core/Src/stm32f4xx_hal_timebase_tim.o
LOAD ./Core/Src/stm32f4xx_it.o
LOAD ./Core/Src/syscalls.o
LOAD ./Core/Src/sysmem.o
LOAD ./Core/Src/system_stm32f4xx.o
LOAD ./Core/Startup/startup_stm32f427iihx.o
LOAD ./Drivers/STM32F4xx_HAL_Driver/Src/stm32f4xx_hal.o
LOAD ./Drivers/STM32F4xx_HAL_Driver/Src/stm32f4xx_hal_can.o
LOAD ./Drivers/STM32F4xx_HAL_Driver/Src/stm32f4xx_hal_cortex.o
LOAD ./Drivers/STM32F4xx_HAL_Driver/Src/stm32f4xx_hal_dma.o
LOAD ./Drivers/STM32F4xx_HAL_Driver/Src/stm32f4xx_hal_dma_ex.o
LOAD ./Drivers/STM32F4xx_HAL_Driver/Src/stm32f4xx_hal_exti.o
LOAD ./Drivers/STM32F4xx_HAL_Driver/Src/stm32f4xx_hal_flash.o
LOAD ./Drivers/STM32F4xx_HAL_Driver/Src/stm32f4xx_hal_flash_ex.o
LOAD ./Drivers/STM32F4xx_HAL_Driver/Src/stm32f4xx_hal_flash_ramfunc.o
LOAD ./Drivers/STM32F4xx_HAL_Driver/Src/stm32f4xx_hal_gpio.o
LOAD ./Drivers/STM32F4xx_HAL_Driver/Src/stm32f4xx_hal_i2c.o
LOAD ./Drivers/STM32F4xx_HAL_Driver/Src/stm32f4xx_hal_i2c_ex.o
LOAD ./Drivers/STM32F4xx_HAL_Driver/Src/stm32f4xx_hal_pwr.o
LOAD ./Drivers/STM32F4xx_HAL_Driver/Src/stm32f4xx_hal_pwr_ex.o
LOAD ./Drivers/STM32F4xx_HAL_Driver/Src/stm32f4xx_hal_rcc.o
LOAD ./Drivers/STM32F4xx_HAL_Driver/Src/stm32f4xx_hal_rcc_ex.o
LOAD ./Drivers/STM32F4xx_HAL_Driver/Src/stm32f4xx_hal_tim.o
LOAD ./Drivers/STM32F4xx_HAL_Driver/Src/stm32f4xx_hal_tim_ex.o
LOAD ./Middlewares/Third_Party/FreeRTOS/Source/CMSIS_RTOS/cmsis_os.o
LOAD ./Middlewares/Third_Party/FreeRTOS/Source/croutine.o
LOAD ./Middlewares/Third_Party/FreeRTOS/Source/event_groups.o
LOAD ./Middlewares/Third_Party/FreeRTOS/Source/list.o
LOAD ./Middlewares/Third_Party/FreeRTOS/Source/queue.o
LOAD ./Middlewares/Third_Party/FreeRTOS/Source/stream_buffer.o
LOAD ./Middlewares/Third_Party/FreeRTOS/Source/tasks.o
LOAD ./Middlewares/Third_Party/FreeRTOS/Source/timers.o
LOAD ./Middlewares/Third_Party/FreeRTOS/Source/portable/GCC/ARM_CM4F/port.o
LOAD ./Middlewares/Third_Party/FreeRTOS/Source/portable/MemMang/heap_4.o
START GROUP
LOAD /Applications/STM32CubeIDE.app/Contents/Eclipse/plugins/com.st.stm32cube.ide.mcu.externaltools.gnu-tools-for-stm32.13.3.rel1.macos64_1.0.0.202411102158/tools/bin/../lib/gcc/arm-none-eabi/13.3.1/../../../../arm-none-eabi/lib/thumb/v7e-m+fp/hard/libc_nano.a
LOAD /Applications/STM32CubeIDE.app/Contents/Eclipse/plugins/com.st.stm32cube.ide.mcu.externaltools.gnu-tools-for-stm32.13.3.rel1.macos64_1.0.0.202411102158/tools/bin/../lib/gcc/arm-none-eabi/13.3.1/../../../../arm-none-eabi/lib/thumb/v7e-m+fp/hard/libm.a
END GROUP
START GROUP
LOAD /Applications/STM32CubeIDE.app/Contents/Eclipse/plugins/com.st.stm32cube.ide.mcu.externaltools.gnu-tools-for-stm32.13.3.rel1.macos64_1.0.0.202411102158/tools/bin/../lib/gcc/arm-none-eabi/13.3.1/thumb/v7e-m+fp/hard/libgcc.a
LOAD /Applications/STM32CubeIDE.app/Contents/Eclipse/plugins/com.st.stm32cube.ide.mcu.externaltools.gnu-tools-for-stm32.13.3.rel1.macos64_1.0.0.202411102158/tools/bin/../lib/gcc/arm-none-eabi/13.3.1/../../../../arm-none-eabi/lib/thumb/v7e-m+fp/hard/libc_nano.a
END GROUP
START GROUP
LOAD /Applications/STM32CubeIDE.app/Contents/Eclipse/plugins/com.st.stm32cube.ide.mcu.externaltools.gnu-tools-for-stm32.13.3.rel1.macos64_1.0.0.202411102158/tools/bin/../lib/gcc/arm-none-eabi/13.3.1/thumb/v7e-m+fp/hard/libgcc.a
LOAD /Applications/STM32CubeIDE.app/Contents/Eclipse/plugins/com.st.stm32cube.ide.mcu.externaltools.gnu-tools-for-stm32.13.3.rel1.macos64_1.0.0.202411102158/tools/bin/../lib/gcc/arm-none-eabi/13.3.1/../../../../arm-none-eabi/lib/thumb/v7e-m+fp/hard/libc_nano.a
LOAD /Applications/STM32CubeIDE.app/Contents/Eclipse/plugins/com.st.stm32cube.ide.mcu.externaltools.gnu-tools-for-stm32.13.3.rel1.macos64_1.0.0.202411102158/tools/bin/../lib/gcc/arm-none-eabi/13.3.1/../../../../arm-none-eabi/lib/thumb/v7e-m+fp/hard/libnosys.a
END GROUP
START GROUP
LOAD /Applications/STM32CubeIDE.app/Contents/Eclipse/plugins/com.st.stm32cube.ide.mcu.externaltools.gnu-tools-for-stm32.13.3.rel1.macos64_1.0.0.202411102158/tools/bin/../lib/gcc/arm-none-eabi/13.3.1/thumb/v7e-m+fp/hard/libgcc.a
LOAD /Applications/STM32CubeIDE.app/Contents/Eclipse/plugins/com.st.stm32cube.ide.mcu.externaltools.gnu-tools-for-stm32.13.3.rel1.macos64_1.0.0.202411102158/tools/bin/../lib/gcc/arm-none-eabi/13.3.1/../../../../arm-none-eabi/lib/thumb/v7e-m+fp/hard/libc_nano.a
LOAD /Applications/STM32CubeIDE.app/Contents/Eclipse/plugins/com.st.stm32cube.ide.mcu.externaltools.gnu-tools-for-stm32.13.3.rel1.macos64_1.0.0.202411102158/tools/bin/../lib/gcc/arm-none-eabi/13.3.1/../../../../arm-none-eabi/lib/thumb/v7e-m+fp/hard/libnosys.a
END GROUP
LOAD /Applications/STM32CubeIDE.app/Contents/Eclipse/plugins/com.st.stm32cube.ide.mcu.externaltools.gnu-tools-for-stm32.13.3.rel1.macos64_1.0.0.202411102158/tools/bin/../lib/gcc/arm-none-eabi/13.3.1/thumb/v7e-m+fp/hard/crtend.o
LOAD /Applications/STM32CubeIDE.app/Contents/Eclipse/plugins/com.st.stm32cube.ide.mcu.externaltools.gnu-tools-for-stm32.13.3.rel1.macos64_1.0.0.202411102158/tools/bin/../lib/gcc/arm-none-eabi/13.3.1/thumb/v7e-m+fp/hard/crtn.o
                0x20030000                        _estack = (ORIGIN (RAM) + LENGTH (RAM))
                0x00000200                        _Min_Heap_Size = 0x200
                0x00000400                        _Min_Stack_Size = 0x400

.isr_vector     0x08000000      0x1ac
                0x08000000                        . = ALIGN (0x4)
 *(.isr_vector)
 .isr_vector    0x08000000      0x1ac ./Core/Startup/startup_stm32f427iihx.o
                0x08000000                g_pfnVectors
                0x080001ac                        . = ALIGN (0x4)

.text           0x080001b0     0x5700
                0x080001b0                        . = ALIGN (0x4)
 *(.text)
 .text          0x080001b0       0x40 /Applications/STM32CubeIDE.app/Contents/Eclipse/plugins/com.st.stm32cube.ide.mcu.externaltools.gnu-tools-for-stm32.13.3.rel1.macos64_1.0.0.202411102158/tools/bin/../lib/gcc/arm-none-eabi/13.3.1/thumb/v7e-m+fp/hard/crtbegin.o
 .text          0x080001f0       0x30 /Applications/STM32CubeIDE.app/Contents/Eclipse/plugins/com.st.stm32cube.ide.mcu.externaltools.gnu-tools-for-stm32.13.3.rel1.macos64_1.0.0.202411102158/tools/bin/../lib/gcc/arm-none-eabi/13.3.1/thumb/v7e-m+fp/hard/libgcc.a(_aeabi_uldivmod.o)
                0x080001f0                __aeabi_uldivmod
 .text          0x08000220      0x2f8 /Applications/STM32CubeIDE.app/Contents/Eclipse/plugins/com.st.stm32cube.ide.mcu.externaltools.gnu-tools-for-stm32.13.3.rel1.macos64_1.0.0.202411102158/tools/bin/../lib/gcc/arm-none-eabi/13.3.1/thumb/v7e-m+fp/hard/libgcc.a(_udivmoddi4.o)
                0x08000220                __udivmoddi4
 .text          0x08000518        0x4 /Applications/STM32CubeIDE.app/Contents/Eclipse/plugins/com.st.stm32cube.ide.mcu.externaltools.gnu-tools-for-stm32.13.3.rel1.macos64_1.0.0.202411102158/tools/bin/../lib/gcc/arm-none-eabi/13.3.1/thumb/v7e-m+fp/hard/libgcc.a(_dvmd_tls.o)
                0x08000518                __aeabi_ldiv0
                0x08000518                __aeabi_idiv0
 *(.text*)
 .text.KEY_Process
                0x0800051c      0x170 ./Core/Src/app_control.o
 .text.app_control_start
                0x0800068c       0xb8 ./Core/Src/app_control.o
                0x0800068c                app_control_start
 .text.AS5600_ReadAngle12
                0x08000744       0x8c ./Core/Src/as5600_port_hal.o
                0x08000744                AS5600_ReadAngle12
 .text.AS5600_ReadStatus
                0x080007d0       0x38 ./Core/Src/as5600_port_hal.o
                0x080007d0                AS5600_ReadStatus
 .text.BSP_AS5600_Init
                0x08000808       0xf4 ./Core/Src/bsp_as5600.o
                0x08000808                BSP_AS5600_Init
 .text.BSP_AS5600_SetZeroHere
                0x080008fc       0x80 ./Core/Src/bsp_as5600.o
                0x080008fc                BSP_AS5600_SetZeroHere
 .text.my_can_filter_init_recv_all
                0x0800097c       0x6c ./Core/Src/bsp_can.o
                0x0800097c                my_can_filter_init_recv_all
 .text.HAL_CAN_RxFifo0MsgPendingCallback
                0x080009e8       0xb8 ./Core/Src/bsp_can.o
                0x080009e8                HAL_CAN_RxFifo0MsgPendingCallback
 .text.get_moto_measure
                0x08000aa0       0xd4 ./Core/Src/bsp_can.o
                0x08000aa0                get_moto_measure
 .text.get_moto_offset
                0x08000b74       0x3e ./Core/Src/bsp_can.o
                0x08000b74                get_moto_offset
 *fill*         0x08000bb2        0x2 
 .text.MX_CAN1_Init
                0x08000bb4       0x6c ./Core/Src/can.o
                0x08000bb4                MX_CAN1_Init
 .text.HAL_CAN_MspInit
                0x08000c20       0xb0 ./Core/Src/can.o
                0x08000c20                HAL_CAN_MspInit
 .text.vApplicationGetIdleTaskMemory
                0x08000cd0       0x34 ./Core/Src/freertos.o
                0x08000cd0                vApplicationGetIdleTaskMemory
 .text.MX_FREERTOS_Init
                0x08000d04       0x38 ./Core/Src/freertos.o
                0x08000d04                MX_FREERTOS_Init
 .text.StartDefaultTask
                0x08000d3c       0x14 ./Core/Src/freertos.o
                0x08000d3c                StartDefaultTask
 .text.MX_GPIO_Init
                0x08000d50      0x144 ./Core/Src/gpio.o
                0x08000d50                MX_GPIO_Init
 .text.MX_I2C2_Init
                0x08000e94       0x80 ./Core/Src/i2c.o
                0x08000e94                MX_I2C2_Init
 .text.HAL_I2C_MspInit
                0x08000f14       0x90 ./Core/Src/i2c.o
                0x08000f14                HAL_I2C_MspInit
 .text.main     0x08000fa4       0x3c ./Core/Src/main.o
                0x08000fa4                main
 .text.SystemClock_Config
                0x08000fe0       0xe4 ./Core/Src/main.o
                0x08000fe0                SystemClock_Config
 .text.HAL_TIM_PeriodElapsedCallback
                0x080010c4       0x24 ./Core/Src/main.o
                0x080010c4                HAL_TIM_PeriodElapsedCallback
 .text.Error_Handler
                0x080010e8        0xc ./Core/Src/main.o
                0x080010e8                Error_Handler
 .text.pid_param_init
                0x080010f4       0x4a ./Core/Src/pid.o
 .text.pid_reset
                0x0800113e       0x32 ./Core/Src/pid.o
 .text.PID_struct_init
                0x08001170       0x50 ./Core/Src/pid.o
                0x08001170                PID_struct_init
 .text.HAL_MspInit
                0x080011c0       0x58 ./Core/Src/stm32f4xx_hal_msp.o
                0x080011c0                HAL_MspInit
 .text.HAL_InitTick
                0x08001218       0xf8 ./Core/Src/stm32f4xx_hal_timebase_tim.o
                0x08001218                HAL_InitTick
 .text.NMI_Handler
                0x08001310        0x8 ./Core/Src/stm32f4xx_it.o
                0x08001310                NMI_Handler
 .text.HardFault_Handler
                0x08001318        0x8 ./Core/Src/stm32f4xx_it.o
                0x08001318                HardFault_Handler
 .text.MemManage_Handler
                0x08001320        0x8 ./Core/Src/stm32f4xx_it.o
                0x08001320                MemManage_Handler
 .text.BusFault_Handler
                0x08001328        0x8 ./Core/Src/stm32f4xx_it.o
                0x08001328                BusFault_Handler
 .text.UsageFault_Handler
                0x08001330        0x8 ./Core/Src/stm32f4xx_it.o
                0x08001330                UsageFault_Handler
 .text.DebugMon_Handler
                0x08001338        0xe ./Core/Src/stm32f4xx_it.o
                0x08001338                DebugMon_Handler
 *fill*         0x08001346        0x2 
 .text.CAN1_TX_IRQHandler
                0x08001348       0x14 ./Core/Src/stm32f4xx_it.o
                0x08001348                CAN1_TX_IRQHandler
 .text.CAN1_RX0_IRQHandler
                0x0800135c       0x14 ./Core/Src/stm32f4xx_it.o
                0x0800135c                CAN1_RX0_IRQHandler
 .text.TIM6_DAC_IRQHandler
                0x08001370       0x14 ./Core/Src/stm32f4xx_it.o
                0x08001370                TIM6_DAC_IRQHandler
 .text.SystemInit
                0x08001384       0x24 ./Core/Src/system_stm32f4xx.o
                0x08001384                SystemInit
 .text.Reset_Handler
                0x080013a8       0x50 ./Core/Startup/startup_stm32f427iihx.o
                0x080013a8                Reset_Handler
 .text.Default_Handler
                0x080013f8        0x2 ./Core/Startup/startup_stm32f427iihx.o
                0x080013f8                DMA1_Stream3_IRQHandler
                0x080013f8                HASH_RNG_IRQHandler
                0x080013f8                EXTI2_IRQHandler
                0x080013f8                TIM8_CC_IRQHandler
                0x080013f8                UART8_IRQHandler
                0x080013f8                SPI4_IRQHandler
                0x080013f8                TIM1_CC_IRQHandler
                0x080013f8                DMA2_Stream5_IRQHandler
                0x080013f8                DMA1_Stream5_IRQHandler
                0x080013f8                PVD_IRQHandler
                0x080013f8                SDIO_IRQHandler
                0x080013f8                TAMP_STAMP_IRQHandler
                0x080013f8                CAN2_RX1_IRQHandler
                0x080013f8                EXTI3_IRQHandler
                0x080013f8                TIM8_TRG_COM_TIM14_IRQHandler
                0x080013f8                TIM1_UP_TIM10_IRQHandler
                0x080013f8                TIM8_UP_TIM13_IRQHandler
                0x080013f8                I2C3_ER_IRQHandler
                0x080013f8                EXTI0_IRQHandler
                0x080013f8                I2C2_EV_IRQHandler
                0x080013f8                DMA1_Stream2_IRQHandler
                0x080013f8                FPU_IRQHandler
                0x080013f8                OTG_HS_WKUP_IRQHandler
                0x080013f8                CAN2_SCE_IRQHandler
                0x080013f8                DMA2_Stream2_IRQHandler
                0x080013f8                SPI1_IRQHandler
                0x080013f8                TIM1_BRK_TIM9_IRQHandler
                0x080013f8                DCMI_IRQHandler
                0x080013f8                CAN2_RX0_IRQHandler
                0x080013f8                DMA2_Stream3_IRQHandler
                0x080013f8                USART6_IRQHandler
                0x080013f8                USART3_IRQHandler
                0x080013f8                CAN1_RX1_IRQHandler
                0x080013f8                UART5_IRQHandler
                0x080013f8                DMA2_Stream0_IRQHandler
                0x080013f8                TIM4_IRQHandler
                0x080013f8                I2C1_EV_IRQHandler
                0x080013f8                DMA1_Stream6_IRQHandler
                0x080013f8                DMA1_Stream1_IRQHandler
                0x080013f8                UART4_IRQHandler
                0x080013f8                TIM3_IRQHandler
                0x080013f8                RCC_IRQHandler
                0x080013f8                TIM8_BRK_TIM12_IRQHandler
                0x080013f8                Default_Handler
                0x080013f8                EXTI15_10_IRQHandler
                0x080013f8                ADC_IRQHandler
                0x080013f8                DMA1_Stream7_IRQHandler
                0x080013f8                SPI5_IRQHandler
                0x080013f8                TIM7_IRQHandler
                0x080013f8                CAN2_TX_IRQHandler
                0x080013f8                TIM5_IRQHandler
                0x080013f8                DMA2_Stream7_IRQHandler
                0x080013f8                I2C3_EV_IRQHandler
                0x080013f8                EXTI9_5_IRQHandler
                0x080013f8                RTC_WKUP_IRQHandler
                0x080013f8                ETH_WKUP_IRQHandler
                0x080013f8                SPI2_IRQHandler
                0x080013f8                OTG_HS_EP1_IN_IRQHandler
                0x080013f8                DMA1_Stream0_IRQHandler
                0x080013f8                EXTI4_IRQHandler
                0x080013f8                ETH_IRQHandler
                0x080013f8                OTG_HS_EP1_OUT_IRQHandler
                0x080013f8                WWDG_IRQHandler
                0x080013f8                SPI6_IRQHandler
                0x080013f8                TIM2_IRQHandler
                0x080013f8                OTG_FS_WKUP_IRQHandler
                0x080013f8                TIM1_TRG_COM_TIM11_IRQHandler
                0x080013f8                OTG_HS_IRQHandler
                0x080013f8                DMA2D_IRQHandler
                0x080013f8                EXTI1_IRQHandler
                0x080013f8                UART7_IRQHandler
                0x080013f8                USART2_IRQHandler
                0x080013f8                I2C2_ER_IRQHandler
                0x080013f8                DMA2_Stream1_IRQHandler
                0x080013f8                CAN1_SCE_IRQHandler
                0x080013f8                FLASH_IRQHandler
                0x080013f8                DMA2_Stream4_IRQHandler
                0x080013f8                USART1_IRQHandler
                0x080013f8                OTG_FS_IRQHandler
                0x080013f8                SPI3_IRQHandler
                0x080013f8                DMA1_Stream4_IRQHandler
                0x080013f8                I2C1_ER_IRQHandler
                0x080013f8                FMC_IRQHandler
                0x080013f8                DMA2_Stream6_IRQHandler
                0x080013f8                SAI1_IRQHandler
                0x080013f8                RTC_Alarm_IRQHandler
 *fill*         0x080013fa        0x2 
 .text.HAL_Init
                0x080013fc       0x44 ./Drivers/STM32F4xx_HAL_Driver/Src/stm32f4xx_hal.o
                0x080013fc                HAL_Init
 .text.HAL_IncTick
                0x08001440       0x28 ./Drivers/STM32F4xx_HAL_Driver/Src/stm32f4xx_hal.o
                0x08001440                HAL_IncTick
 .text.HAL_GetTick
                0x08001468       0x18 ./Drivers/STM32F4xx_HAL_Driver/Src/stm32f4xx_hal.o
                0x08001468                HAL_GetTick
 .text.HAL_CAN_Init
                0x08001480      0x1f6 ./Drivers/STM32F4xx_HAL_Driver/Src/stm32f4xx_hal_can.o
                0x08001480                HAL_CAN_Init
 *fill*         0x08001676        0x2 
 .text.HAL_CAN_ConfigFilter
                0x08001678      0x1bc ./Drivers/STM32F4xx_HAL_Driver/Src/stm32f4xx_hal_can.o
                0x08001678                HAL_CAN_ConfigFilter
 .text.HAL_CAN_Start
                0x08001834       0x88 ./Drivers/STM32F4xx_HAL_Driver/Src/stm32f4xx_hal_can.o
                0x08001834                HAL_CAN_Start
 .text.HAL_CAN_GetRxMessage
                0x080018bc      0x244 ./Drivers/STM32F4xx_HAL_Driver/Src/stm32f4xx_hal_can.o
                0x080018bc                HAL_CAN_GetRxMessage
 .text.HAL_CAN_ActivateNotification
                0x08001b00       0x4c ./Drivers/STM32F4xx_HAL_Driver/Src/stm32f4xx_hal_can.o
                0x08001b00                HAL_CAN_ActivateNotification
 .text.HAL_CAN_IRQHandler
                0x08001b4c      0x36e ./Drivers/STM32F4xx_HAL_Driver/Src/stm32f4xx_hal_can.o
                0x08001b4c                HAL_CAN_IRQHandler
 .text.HAL_CAN_TxMailbox0CompleteCallback
                0x08001eba       0x14 ./Drivers/STM32F4xx_HAL_Driver/Src/stm32f4xx_hal_can.o
                0x08001eba                HAL_CAN_TxMailbox0CompleteCallback
 .text.HAL_CAN_TxMailbox1CompleteCallback
                0x08001ece       0x14 ./Drivers/STM32F4xx_HAL_Driver/Src/stm32f4xx_hal_can.o
                0x08001ece                HAL_CAN_TxMailbox1CompleteCallback
 .text.HAL_CAN_TxMailbox2CompleteCallback
                0x08001ee2       0x14 ./Drivers/STM32F4xx_HAL_Driver/Src/stm32f4xx_hal_can.o
                0x08001ee2                HAL_CAN_TxMailbox2CompleteCallback
 .text.HAL_CAN_TxMailbox0AbortCallback
                0x08001ef6       0x14 ./Drivers/STM32F4xx_HAL_Driver/Src/stm32f4xx_hal_can.o
                0x08001ef6                HAL_CAN_TxMailbox0AbortCallback
 .text.HAL_CAN_TxMailbox1AbortCallback
                0x08001f0a       0x14 ./Drivers/STM32F4xx_HAL_Driver/Src/stm32f4xx_hal_can.o
                0x08001f0a                HAL_CAN_TxMailbox1AbortCallback
 .text.HAL_CAN_TxMailbox2AbortCallback
                0x08001f1e       0x14 ./Drivers/STM32F4xx_HAL_Driver/Src/stm32f4xx_hal_can.o
                0x08001f1e                HAL_CAN_TxMailbox2AbortCallback
 .text.HAL_CAN_RxFifo0FullCallback
                0x08001f32       0x14 ./Drivers/STM32F4xx_HAL_Driver/Src/stm32f4xx_hal_can.o
                0x08001f32                HAL_CAN_RxFifo0FullCallback
 .text.HAL_CAN_RxFifo1MsgPendingCallback
                0x08001f46       0x14 ./Drivers/STM32F4xx_HAL_Driver/Src/stm32f4xx_hal_can.o
                0x08001f46                HAL_CAN_RxFifo1MsgPendingCallback
 .text.HAL_CAN_RxFifo1FullCallback
                0x08001f5a       0x14 ./Drivers/STM32F4xx_HAL_Driver/Src/stm32f4xx_hal_can.o
                0x08001f5a                HAL_CAN_RxFifo1FullCallback
 .text.HAL_CAN_SleepCallback
                0x08001f6e       0x14 ./Drivers/STM32F4xx_HAL_Driver/Src/stm32f4xx_hal_can.o
                0x08001f6e                HAL_CAN_SleepCallback
 .text.HAL_CAN_WakeUpFromRxMsgCallback
                0x08001f82       0x14 ./Drivers/STM32F4xx_HAL_Driver/Src/stm32f4xx_hal_can.o
                0x08001f82                HAL_CAN_WakeUpFromRxMsgCallback
 .text.HAL_CAN_ErrorCallback
                0x08001f96       0x14 ./Drivers/STM32F4xx_HAL_Driver/Src/stm32f4xx_hal_can.o
                0x08001f96                HAL_CAN_ErrorCallback
 *fill*         0x08001faa        0x2 
 .text.__NVIC_SetPriorityGrouping
                0x08001fac       0x48 ./Drivers/STM32F4xx_HAL_Driver/Src/stm32f4xx_hal_cortex.o
 .text.__NVIC_GetPriorityGrouping
                0x08001ff4       0x1c ./Drivers/STM32F4xx_HAL_Driver/Src/stm32f4xx_hal_cortex.o
 .text.__NVIC_EnableIRQ
                0x08002010       0x3c ./Drivers/STM32F4xx_HAL_Driver/Src/stm32f4xx_hal_cortex.o
 .text.__NVIC_SetPriority
                0x0800204c       0x54 ./Drivers/STM32F4xx_HAL_Driver/Src/stm32f4xx_hal_cortex.o
 .text.NVIC_EncodePriority
                0x080020a0       0x66 ./Drivers/STM32F4xx_HAL_Driver/Src/stm32f4xx_hal_cortex.o
 .text.HAL_NVIC_SetPriorityGrouping
                0x08002106       0x16 ./Drivers/STM32F4xx_HAL_Driver/Src/stm32f4xx_hal_cortex.o
                0x08002106                HAL_NVIC_SetPriorityGrouping
 .text.HAL_NVIC_SetPriority
                0x0800211c       0x38 ./Drivers/STM32F4xx_HAL_Driver/Src/stm32f4xx_hal_cortex.o
                0x0800211c                HAL_NVIC_SetPriority
 .text.HAL_NVIC_EnableIRQ
                0x08002154       0x1c ./Drivers/STM32F4xx_HAL_Driver/Src/stm32f4xx_hal_cortex.o
                0x08002154                HAL_NVIC_EnableIRQ
 .text.HAL_GPIO_Init
                0x08002170      0x358 ./Drivers/STM32F4xx_HAL_Driver/Src/stm32f4xx_hal_gpio.o
                0x08002170                HAL_GPIO_Init
 .text.HAL_GPIO_ReadPin
                0x080024c8       0x30 ./Drivers/STM32F4xx_HAL_Driver/Src/stm32f4xx_hal_gpio.o
                0x080024c8                HAL_GPIO_ReadPin
 .text.HAL_GPIO_WritePin
                0x080024f8       0x32 ./Drivers/STM32F4xx_HAL_Driver/Src/stm32f4xx_hal_gpio.o
                0x080024f8                HAL_GPIO_WritePin
 .text.HAL_GPIO_TogglePin
                0x0800252a       0x34 ./Drivers/STM32F4xx_HAL_Driver/Src/stm32f4xx_hal_gpio.o
                0x0800252a                HAL_GPIO_TogglePin
 *fill*         0x0800255e        0x2 
 .text.HAL_I2C_Init
                0x08002560      0x288 ./Drivers/STM32F4xx_HAL_Driver/Src/stm32f4xx_hal_i2c.o
                0x08002560                HAL_I2C_Init
 .text.HAL_I2C_Mem_Read
                0x080027e8      0x464 ./Drivers/STM32F4xx_HAL_Driver/Src/stm32f4xx_hal_i2c.o
                0x080027e8                HAL_I2C_Mem_Read
 .text.I2C_RequestMemoryRead
                0x08002c4c      0x1d0 ./Drivers/STM32F4xx_HAL_Driver/Src/stm32f4xx_hal_i2c.o
 .text.I2C_WaitOnFlagUntilTimeout
                0x08002e1c       0xf4 ./Drivers/STM32F4xx_HAL_Driver/Src/stm32f4xx_hal_i2c.o
 .text.I2C_WaitOnMasterAddressFlagUntilTimeout
                0x08002f10      0x140 ./Drivers/STM32F4xx_HAL_Driver/Src/stm32f4xx_hal_i2c.o
 .text.I2C_WaitOnTXEFlagUntilTimeout
                0x08003050       0x90 ./Drivers/STM32F4xx_HAL_Driver/Src/stm32f4xx_hal_i2c.o
 .text.I2C_WaitOnRXNEFlagUntilTimeout
                0x080030e0       0xba ./Drivers/STM32F4xx_HAL_Driver/Src/stm32f4xx_hal_i2c.o
 .text.I2C_IsAcknowledgeFailed
                0x0800319a       0x5e ./Drivers/STM32F4xx_HAL_Driver/Src/stm32f4xx_hal_i2c.o
 .text.HAL_I2CEx_ConfigAnalogFilter
                0x080031f8       0x78 ./Drivers/STM32F4xx_HAL_Driver/Src/stm32f4xx_hal_i2c_ex.o
                0x080031f8                HAL_I2CEx_ConfigAnalogFilter
 .text.HAL_I2CEx_ConfigDigitalFilter
                0x08003270       0x7e ./Drivers/STM32F4xx_HAL_Driver/Src/stm32f4xx_hal_i2c_ex.o
                0x08003270                HAL_I2CEx_ConfigDigitalFilter
 *fill*         0x080032ee        0x2 
 .text.HAL_PWREx_EnableOverDrive
                0x080032f0       0xa0 ./Drivers/STM32F4xx_HAL_Driver/Src/stm32f4xx_hal_pwr_ex.o
                0x080032f0                HAL_PWREx_EnableOverDrive
 .text.HAL_RCC_OscConfig
                0x08003390      0x4f0 ./Drivers/STM32F4xx_HAL_Driver/Src/stm32f4xx_hal_rcc.o
                0x08003390                HAL_RCC_OscConfig
 .text.HAL_RCC_ClockConfig
                0x08003880      0x1cc ./Drivers/STM32F4xx_HAL_Driver/Src/stm32f4xx_hal_rcc.o
                0x08003880                HAL_RCC_ClockConfig
 .text.HAL_RCC_GetSysClockFreq
                0x08003a4c      0x18c ./Drivers/STM32F4xx_HAL_Driver/Src/stm32f4xx_hal_rcc.o
                0x08003a4c                HAL_RCC_GetSysClockFreq
 .text.HAL_RCC_GetHCLKFreq
                0x08003bd8       0x18 ./Drivers/STM32F4xx_HAL_Driver/Src/stm32f4xx_hal_rcc.o
                0x08003bd8                HAL_RCC_GetHCLKFreq
 .text.HAL_RCC_GetPCLK1Freq
                0x08003bf0       0x28 ./Drivers/STM32F4xx_HAL_Driver/Src/stm32f4xx_hal_rcc.o
                0x08003bf0                HAL_RCC_GetPCLK1Freq
 .text.HAL_RCC_GetClockConfig
                0x08003c18       0x64 ./Drivers/STM32F4xx_HAL_Driver/Src/stm32f4xx_hal_rcc.o
                0x08003c18                HAL_RCC_GetClockConfig
 .text.HAL_TIM_Base_Init
                0x08003c7c       0x9e ./Drivers/STM32F4xx_HAL_Driver/Src/stm32f4xx_hal_tim.o
                0x08003c7c                HAL_TIM_Base_Init
 .text.HAL_TIM_Base_MspInit
                0x08003d1a       0x14 ./Drivers/STM32F4xx_HAL_Driver/Src/stm32f4xx_hal_tim.o
                0x08003d1a                HAL_TIM_Base_MspInit
 *fill*         0x08003d2e        0x2 
 .text.HAL_TIM_Base_Start_IT
                0x08003d30       0xe0 ./Drivers/STM32F4xx_HAL_Driver/Src/stm32f4xx_hal_tim.o
                0x08003d30                HAL_TIM_Base_Start_IT
 .text.HAL_TIM_IRQHandler
                0x08003e10      0x1e0 ./Drivers/STM32F4xx_HAL_Driver/Src/stm32f4xx_hal_tim.o
                0x08003e10                HAL_TIM_IRQHandler
 .text.HAL_TIM_OC_DelayElapsedCallback
                0x08003ff0       0x14 ./Drivers/STM32F4xx_HAL_Driver/Src/stm32f4xx_hal_tim.o
                0x08003ff0                HAL_TIM_OC_DelayElapsedCallback
 .text.HAL_TIM_IC_CaptureCallback
                0x08004004       0x14 ./Drivers/STM32F4xx_HAL_Driver/Src/stm32f4xx_hal_tim.o
                0x08004004                HAL_TIM_IC_CaptureCallback
 .text.HAL_TIM_PWM_PulseFinishedCallback
                0x08004018       0x14 ./Drivers/STM32F4xx_HAL_Driver/Src/stm32f4xx_hal_tim.o
                0x08004018                HAL_TIM_PWM_PulseFinishedCallback
 .text.HAL_TIM_TriggerCallback
                0x0800402c       0x14 ./Drivers/STM32F4xx_HAL_Driver/Src/stm32f4xx_hal_tim.o
                0x0800402c                HAL_TIM_TriggerCallback
 .text.TIM_Base_SetConfig
                0x08004040      0x14c ./Drivers/STM32F4xx_HAL_Driver/Src/stm32f4xx_hal_tim.o
                0x08004040                TIM_Base_SetConfig
 .text.HAL_TIMEx_CommutCallback
                0x0800418c       0x14 ./Drivers/STM32F4xx_HAL_Driver/Src/stm32f4xx_hal_tim_ex.o
                0x0800418c                HAL_TIMEx_CommutCallback
 .text.HAL_TIMEx_BreakCallback
                0x080041a0       0x14 ./Drivers/STM32F4xx_HAL_Driver/Src/stm32f4xx_hal_tim_ex.o
                0x080041a0                HAL_TIMEx_BreakCallback
 .text.makeFreeRtosPriority
                0x080041b4       0x30 ./Middlewares/Third_Party/FreeRTOS/Source/CMSIS_RTOS/cmsis_os.o
 .text.osKernelStart
                0x080041e4        0xe ./Middlewares/Third_Party/FreeRTOS/Source/CMSIS_RTOS/cmsis_os.o
                0x080041e4                osKernelStart
 .text.osThreadCreate
                0x080041f2       0x98 ./Middlewares/Third_Party/FreeRTOS/Source/CMSIS_RTOS/cmsis_os.o
                0x080041f2                osThreadCreate
 .text.osDelay  0x0800428a       0x28 ./Middlewares/Third_Party/FreeRTOS/Source/CMSIS_RTOS/cmsis_os.o
                0x0800428a                osDelay
 .text.vListInitialise
                0x080042b2       0x40 ./Middlewares/Third_Party/FreeRTOS/Source/list.o
                0x080042b2                vListInitialise
 .text.vListInitialiseItem
                0x080042f2       0x1a ./Middlewares/Third_Party/FreeRTOS/Source/list.o
                0x080042f2                vListInitialiseItem
 .text.vListInsertEnd
                0x0800430c       0x48 ./Middlewares/Third_Party/FreeRTOS/Source/list.o
                0x0800430c                vListInsertEnd
 .text.vListInsert
                0x08004354       0x72 ./Middlewares/Third_Party/FreeRTOS/Source/list.o
                0x08004354                vListInsert
 .text.uxListRemove
                0x080043c6       0x54 ./Middlewares/Third_Party/FreeRTOS/Source/list.o
                0x080043c6                uxListRemove
 .text.xTaskCreateStatic
                0x0800441a       0xc0 ./Middlewares/Third_Party/FreeRTOS/Source/tasks.o
                0x0800441a                xTaskCreateStatic
 .text.xTaskCreate
                0x080044da       0x8a ./Middlewares/Third_Party/FreeRTOS/Source/tasks.o
                0x080044da                xTaskCreate
 .text.prvInitialiseNewTask
                0x08004564      0x140 ./Middlewares/Third_Party/FreeRTOS/Source/tasks.o
 .text.prvAddNewTaskToReadyList
                0x080046a4       0xd4 ./Middlewares/Third_Party/FreeRTOS/Source/tasks.o
 .text.vTaskDelay
                0x08004778       0x6c ./Middlewares/Third_Party/FreeRTOS/Source/tasks.o
                0x08004778                vTaskDelay
 .text.vTaskStartScheduler
                0x080047e4       0xd4 ./Middlewares/Third_Party/FreeRTOS/Source/tasks.o
                0x080047e4                vTaskStartScheduler
 .text.vTaskSuspendAll
                0x080048b8       0x1c ./Middlewares/Third_Party/FreeRTOS/Source/tasks.o
                0x080048b8                vTaskSuspendAll
 .text.xTaskResumeAll
                0x080048d4      0x13c ./Middlewares/Third_Party/FreeRTOS/Source/tasks.o
                0x080048d4                xTaskResumeAll
 .text.xTaskIncrementTick
                0x08004a10      0x174 ./Middlewares/Third_Party/FreeRTOS/Source/tasks.o
                0x08004a10                xTaskIncrementTick
 .text.vTaskSwitchContext
                0x08004b84       0xc8 ./Middlewares/Third_Party/FreeRTOS/Source/tasks.o
                0x08004b84                vTaskSwitchContext
 .text.prvIdleTask
                0x08004c4c       0x30 ./Middlewares/Third_Party/FreeRTOS/Source/tasks.o
 .text.prvInitialiseTaskLists
                0x08004c7c       0x80 ./Middlewares/Third_Party/FreeRTOS/Source/tasks.o
 .text.prvCheckTasksWaitingTermination
                0x08004cfc       0x5c ./Middlewares/Third_Party/FreeRTOS/Source/tasks.o
 .text.prvDeleteTCB
                0x08004d58       0x6a ./Middlewares/Third_Party/FreeRTOS/Source/tasks.o
 *fill*         0x08004dc2        0x2 
 .text.prvResetNextTaskUnblockTime
                0x08004dc4       0x40 ./Middlewares/Third_Party/FreeRTOS/Source/tasks.o
 .text.prvAddCurrentTaskToDelayedList
                0x08004e04       0xcc ./Middlewares/Third_Party/FreeRTOS/Source/tasks.o
 .text.pxPortInitialiseStack
                0x08004ed0       0x68 ./Middlewares/Third_Party/FreeRTOS/Source/portable/GCC/ARM_CM4F/port.o
                0x08004ed0                pxPortInitialiseStack
 .text.prvTaskExitError
                0x08004f38       0x5c ./Middlewares/Third_Party/FreeRTOS/Source/portable/GCC/ARM_CM4F/port.o
 *fill*         0x08004f94        0xc 
 .text.SVC_Handler
                0x08004fa0       0x28 ./Middlewares/Third_Party/FreeRTOS/Source/portable/GCC/ARM_CM4F/port.o
                0x08004fa0                SVC_Handler
 .text.prvPortStartFirstTask
                0x08004fc8       0x28 ./Middlewares/Third_Party/FreeRTOS/Source/portable/GCC/ARM_CM4F/port.o
 .text.xPortStartScheduler
                0x08004ff0      0x148 ./Middlewares/Third_Party/FreeRTOS/Source/portable/GCC/ARM_CM4F/port.o
                0x08004ff0                xPortStartScheduler
 .text.vPortEnterCritical
                0x08005138       0x64 ./Middlewares/Third_Party/FreeRTOS/Source/portable/GCC/ARM_CM4F/port.o
                0x08005138                vPortEnterCritical
 .text.vPortExitCritical
                0x0800519c       0x54 ./Middlewares/Third_Party/FreeRTOS/Source/portable/GCC/ARM_CM4F/port.o
                0x0800519c                vPortExitCritical
 .text.PendSV_Handler
                0x080051f0       0x68 ./Middlewares/Third_Party/FreeRTOS/Source/portable/GCC/ARM_CM4F/port.o
                0x080051f0                PendSV_Handler
 .text.SysTick_Handler
                0x08005258       0x44 ./Middlewares/Third_Party/FreeRTOS/Source/portable/GCC/ARM_CM4F/port.o
                0x08005258                SysTick_Handler
 .text.vPortSetupTimerInterrupt
                0x0800529c       0x48 ./Middlewares/Third_Party/FreeRTOS/Source/portable/GCC/ARM_CM4F/port.o
                0x0800529c                vPortSetupTimerInterrupt
 .text.vPortEnableVFP
                0x080052e4       0x14 ./Middlewares/Third_Party/FreeRTOS/Source/portable/GCC/ARM_CM4F/port.o
 .text.pvPortMalloc
                0x080052f8      0x19c ./Middlewares/Third_Party/FreeRTOS/Source/portable/MemMang/heap_4.o
                0x080052f8                pvPortMalloc
 .text.vPortFree
                0x08005494       0xc8 ./Middlewares/Third_Party/FreeRTOS/Source/portable/MemMang/heap_4.o
                0x08005494                vPortFree
 .text.prvHeapInit
                0x0800555c       0xc4 ./Middlewares/Third_Party/FreeRTOS/Source/portable/MemMang/heap_4.o
 .text.prvInsertBlockIntoFreeList
                0x08005620       0xb4 ./Middlewares/Third_Party/FreeRTOS/Source/portable/MemMang/heap_4.o
 .text.memset   0x080056d4       0x10 /Applications/STM32CubeIDE.app/Contents/Eclipse/plugins/com.st.stm32cube.ide.mcu.externaltools.gnu-tools-for-stm32.13.3.rel1.macos64_1.0.0.202411102158/tools/bin/../lib/gcc/arm-none-eabi/13.3.1/../../../../arm-none-eabi/lib/thumb/v7e-m+fp/hard/libc_nano.a(libc_a-memset.o)
                0x080056d4                memset
 .text.__libc_init_array
                0x080056e4       0x48 /Applications/STM32CubeIDE.app/Contents/Eclipse/plugins/com.st.stm32cube.ide.mcu.externaltools.gnu-tools-for-stm32.13.3.rel1.macos64_1.0.0.202411102158/tools/bin/../lib/gcc/arm-none-eabi/13.3.1/../../../../arm-none-eabi/lib/thumb/v7e-m+fp/hard/libc_nano.a(libc_a-init.o)
                0x080056e4                __libc_init_array
 .text.__retarget_lock_acquire_recursive
                0x0800572c        0x2 /Applications/STM32CubeIDE.app/Contents/Eclipse/plugins/com.st.stm32cube.ide.mcu.externaltools.gnu-tools-for-stm32.13.3.rel1.macos64_1.0.0.202411102158/tools/bin/../lib/gcc/arm-none-eabi/13.3.1/../../../../arm-none-eabi/lib/thumb/v7e-m+fp/hard/libc_nano.a(libc_a-lock.o)
                0x0800572c                __retarget_lock_acquire_recursive
 .text.__retarget_lock_release_recursive
                0x0800572e        0x2 /Applications/STM32CubeIDE.app/Contents/Eclipse/plugins/com.st.stm32cube.ide.mcu.externaltools.gnu-tools-for-stm32.13.3.rel1.macos64_1.0.0.202411102158/tools/bin/../lib/gcc/arm-none-eabi/13.3.1/../../../../arm-none-eabi/lib/thumb/v7e-m+fp/hard/libc_nano.a(libc_a-lock.o)
                0x0800572e                __retarget_lock_release_recursive
 .text._reclaim_reent
                0x08005730       0xbc /Applications/STM32CubeIDE.app/Contents/Eclipse/plugins/com.st.stm32cube.ide.mcu.externaltools.gnu-tools-for-stm32.13.3.rel1.macos64_1.0.0.202411102158/tools/bin/../lib/gcc/arm-none-eabi/13.3.1/../../../../arm-none-eabi/lib/thumb/v7e-m+fp/hard/libc_nano.a(libc_a-reent.o)
                0x08005730                _reclaim_reent
 .text._free_r  0x080057ec       0x94 /Applications/STM32CubeIDE.app/Contents/Eclipse/plugins/com.st.stm32cube.ide.mcu.externaltools.gnu-tools-for-stm32.13.3.rel1.macos64_1.0.0.202411102158/tools/bin/../lib/gcc/arm-none-eabi/13.3.1/../../../../arm-none-eabi/lib/thumb/v7e-m+fp/hard/libc_nano.a(libc_a-freer.o)
                0x080057ec                _free_r
 .text.__malloc_lock
                0x08005880        0xc /Applications/STM32CubeIDE.app/Contents/Eclipse/plugins/com.st.stm32cube.ide.mcu.externaltools.gnu-tools-for-stm32.13.3.rel1.macos64_1.0.0.202411102158/tools/bin/../lib/gcc/arm-none-eabi/13.3.1/../../../../arm-none-eabi/lib/thumb/v7e-m+fp/hard/libc_nano.a(libc_a-mlock.o)
                0x08005880                __malloc_lock
 .text.__malloc_unlock
                0x0800588c        0xc /Applications/STM32CubeIDE.app/Contents/Eclipse/plugins/com.st.stm32cube.ide.mcu.externaltools.gnu-tools-for-stm32.13.3.rel1.macos64_1.0.0.202411102158/tools/bin/../lib/gcc/arm-none-eabi/13.3.1/../../../../arm-none-eabi/lib/thumb/v7e-m+fp/hard/libc_nano.a(libc_a-mlock.o)
                0x0800588c                __malloc_unlock
 *(.glue_7)
 .glue_7        0x08005898        0x0 linker stubs
 *(.glue_7t)
 .glue_7t       0x08005898        0x0 linker stubs
 *(.eh_frame)
 .eh_frame      0x08005898        0x0 /Applications/STM32CubeIDE.app/Contents/Eclipse/plugins/com.st.stm32cube.ide.mcu.externaltools.gnu-tools-for-stm32.13.3.rel1.macos64_1.0.0.202411102158/tools/bin/../lib/gcc/arm-none-eabi/13.3.1/thumb/v7e-m+fp/hard/crtbegin.o
 *(.init)
 .init          0x08005898        0x4 /Applications/STM32CubeIDE.app/Contents/Eclipse/plugins/com.st.stm32cube.ide.mcu.externaltools.gnu-tools-for-stm32.13.3.rel1.macos64_1.0.0.202411102158/tools/bin/../lib/gcc/arm-none-eabi/13.3.1/thumb/v7e-m+fp/hard/crti.o
                0x08005898                _init
 .init          0x0800589c        0x8 /Applications/STM32CubeIDE.app/Contents/Eclipse/plugins/com.st.stm32cube.ide.mcu.externaltools.gnu-tools-for-stm32.13.3.rel1.macos64_1.0.0.202411102158/tools/bin/../lib/gcc/arm-none-eabi/13.3.1/thumb/v7e-m+fp/hard/crtn.o
 *(.fini)
 .fini          0x080058a4        0x4 /Applications/STM32CubeIDE.app/Contents/Eclipse/plugins/com.st.stm32cube.ide.mcu.externaltools.gnu-tools-for-stm32.13.3.rel1.macos64_1.0.0.202411102158/tools/bin/../lib/gcc/arm-none-eabi/13.3.1/thumb/v7e-m+fp/hard/crti.o
                0x080058a4                _fini
 .fini          0x080058a8        0x8 /Applications/STM32CubeIDE.app/Contents/Eclipse/plugins/com.st.stm32cube.ide.mcu.externaltools.gnu-tools-for-stm32.13.3.rel1.macos64_1.0.0.202411102158/tools/bin/../lib/gcc/arm-none-eabi/13.3.1/thumb/v7e-m+fp/hard/crtn.o
                0x080058b0                        . = ALIGN (0x4)
                0x080058b0                        _etext = .

.vfp11_veneer   0x080058b0        0x0
 .vfp11_veneer  0x080058b0        0x0 linker stubs

.v4_bx          0x080058b0        0x0
 .v4_bx         0x080058b0        0x0 linker stubs

.iplt           0x080058b0        0x0
 .iplt          0x080058b0        0x0 /Applications/STM32CubeIDE.app/Contents/Eclipse/plugins/com.st.stm32cube.ide.mcu.externaltools.gnu-tools-for-stm32.13.3.rel1.macos64_1.0.0.202411102158/tools/bin/../lib/gcc/arm-none-eabi/13.3.1/thumb/v7e-m+fp/hard/crtbegin.o

.rodata         0x080058b0       0x48
                0x080058b0                        . = ALIGN (0x4)
 *(.rodata)
 .rodata        0x080058b0       0x28 ./Core/Src/freertos.o
 .rodata        0x080058d8        0x5 ./Middlewares/Third_Party/FreeRTOS/Source/tasks.o
 *(.rodata*)
 *fill*         0x080058dd        0x3 
 .rodata.AHBPrescTable
                0x080058e0       0x10 ./Core/Src/system_stm32f4xx.o
                0x080058e0                AHBPrescTable
 .rodata.APBPrescTable
                0x080058f0        0x8 ./Core/Src/system_stm32f4xx.o
                0x080058f0                APBPrescTable
                0x080058f8                        . = ALIGN (0x4)

.ARM.extab      0x080058f8        0x0
                0x080058f8                        . = ALIGN (0x4)
 *(.ARM.extab* .gnu.linkonce.armextab.*)
                0x080058f8                        . = ALIGN (0x4)

.ARM            0x080058f8        0x8
                0x080058f8                        . = ALIGN (0x4)
                0x080058f8                        __exidx_start = .
 *(.ARM.exidx*)
 .ARM.exidx     0x080058f8        0x8 /Applications/STM32CubeIDE.app/Contents/Eclipse/plugins/com.st.stm32cube.ide.mcu.externaltools.gnu-tools-for-stm32.13.3.rel1.macos64_1.0.0.202411102158/tools/bin/../lib/gcc/arm-none-eabi/13.3.1/thumb/v7e-m+fp/hard/libgcc.a(_udivmoddi4.o)
                0x08005900                        __exidx_end = .
                0x08005900                        . = ALIGN (0x4)

.preinit_array  0x08005900        0x0
                0x08005900                        . = ALIGN (0x4)
                0x08005900                        PROVIDE (__preinit_array_start = .)
 *(.preinit_array*)
                0x08005900                        PROVIDE (__preinit_array_end = .)
                0x08005900                        . = ALIGN (0x4)

.init_array     0x08005900        0x4
                0x08005900                        . = ALIGN (0x4)
                0x08005900                        PROVIDE (__init_array_start = .)
 *(SORT_BY_NAME(.init_array.*))
 *(.init_array*)
 .init_array    0x08005900        0x4 /Applications/STM32CubeIDE.app/Contents/Eclipse/plugins/com.st.stm32cube.ide.mcu.externaltools.gnu-tools-for-stm32.13.3.rel1.macos64_1.0.0.202411102158/tools/bin/../lib/gcc/arm-none-eabi/13.3.1/thumb/v7e-m+fp/hard/crtbegin.o
                0x08005904                        PROVIDE (__init_array_end = .)
                0x08005904                        . = ALIGN (0x4)

.fini_array     0x08005904        0x4
                0x08005904                        . = ALIGN (0x4)
                [!provide]                        PROVIDE (__fini_array_start = .)
 *(SORT_BY_NAME(.fini_array.*))
 *(.fini_array*)
 .fini_array    0x08005904        0x4 /Applications/STM32CubeIDE.app/Contents/Eclipse/plugins/com.st.stm32cube.ide.mcu.externaltools.gnu-tools-for-stm32.13.3.rel1.macos64_1.0.0.202411102158/tools/bin/../lib/gcc/arm-none-eabi/13.3.1/thumb/v7e-m+fp/hard/crtbegin.o
                [!provide]                        PROVIDE (__fini_array_end = .)
                0x08005908                        . = ALIGN (0x4)
                0x08005908                        _sidata = LOADADDR (.data)

.rel.dyn        0x08005908        0x0
 .rel.iplt      0x08005908        0x0 /Applications/STM32CubeIDE.app/Contents/Eclipse/plugins/com.st.stm32cube.ide.mcu.externaltools.gnu-tools-for-stm32.13.3.rel1.macos64_1.0.0.202411102158/tools/bin/../lib/gcc/arm-none-eabi/13.3.1/thumb/v7e-m+fp/hard/crtbegin.o

.data           0x20000000       0x64 load address 0x08005908
                0x20000000                        . = ALIGN (0x4)
                0x20000000                        _sdata = .
 *(.data)
 *(.data*)
 .data.dir      0x20000000        0x4 ./Core/Src/app_control.o
 .data.SystemCoreClock
                0x20000004        0x4 ./Core/Src/system_stm32f4xx.o
                0x20000004                SystemCoreClock
 .data.uwTickPrio
                0x20000008        0x4 ./Drivers/STM32F4xx_HAL_Driver/Src/stm32f4xx_hal.o
                0x20000008                uwTickPrio
 .data.uwTickFreq
                0x2000000c        0x1 ./Drivers/STM32F4xx_HAL_Driver/Src/stm32f4xx_hal.o
                0x2000000c                uwTickFreq
 *fill*         0x2000000d        0x3 
 .data.uxCriticalNesting
                0x20000010        0x4 ./Middlewares/Third_Party/FreeRTOS/Source/portable/GCC/ARM_CM4F/port.o
 .data._impure_ptr
                0x20000014        0x4 /Applications/STM32CubeIDE.app/Contents/Eclipse/plugins/com.st.stm32cube.ide.mcu.externaltools.gnu-tools-for-stm32.13.3.rel1.macos64_1.0.0.202411102158/tools/bin/../lib/gcc/arm-none-eabi/13.3.1/../../../../arm-none-eabi/lib/thumb/v7e-m+fp/hard/libc_nano.a(libc_a-impure.o)
                0x20000014                _impure_ptr
 .data._impure_data
                0x20000018       0x4c /Applications/STM32CubeIDE.app/Contents/Eclipse/plugins/com.st.stm32cube.ide.mcu.externaltools.gnu-tools-for-stm32.13.3.rel1.macos64_1.0.0.202411102158/tools/bin/../lib/gcc/arm-none-eabi/13.3.1/../../../../arm-none-eabi/lib/thumb/v7e-m+fp/hard/libc_nano.a(libc_a-impure.o)
                0x20000018                _impure_data
 *(.RamFunc)
 *(.RamFunc*)
                0x20000064                        . = ALIGN (0x4)
                0x20000064                        _edata = .
                0x0800596c                        _siccmram = LOADADDR (.ccmram)

.igot.plt       0x20000064        0x0 load address 0x0800596c
 .igot.plt      0x20000064        0x0 /Applications/STM32CubeIDE.app/Contents/Eclipse/plugins/com.st.stm32cube.ide.mcu.externaltools.gnu-tools-for-stm32.13.3.rel1.macos64_1.0.0.202411102158/tools/bin/../lib/gcc/arm-none-eabi/13.3.1/thumb/v7e-m+fp/hard/crtbegin.o

.ccmram         0x10000000        0x0 load address 0x0800596c
                0x10000000                        . = ALIGN (0x4)
                0x10000000                        _sccmram = .
 *(.ccmram)
 *(.ccmram*)
                0x10000000                        . = ALIGN (0x4)
                0x10000000                        _eccmram = .
                0x10000000                        . = ALIGN (0x4)

.bss            0x20000064     0x45b4
                0x20000064                        _sbss = .
                0x20000064                        __bss_start__ = _sbss
 *(.bss)
 .bss           0x20000064       0x1c /Applications/STM32CubeIDE.app/Contents/Eclipse/plugins/com.st.stm32cube.ide.mcu.externaltools.gnu-tools-for-stm32.13.3.rel1.macos64_1.0.0.202411102158/tools/bin/../lib/gcc/arm-none-eabi/13.3.1/thumb/v7e-m+fp/hard/crtbegin.o
 *(.bss*)
 .bss.m2006_mode
                0x20000080        0x1 ./Core/Src/app_control.o
 .bss.gear_m2006
                0x20000081        0x1 ./Core/Src/app_control.o
 .bss.gear_m3508
                0x20000082        0x1 ./Core/Src/app_control.o
 *fill*         0x20000083        0x1 
 .bss.pos_ref_m2006
                0x20000084        0x4 ./Core/Src/app_control.o
 .bss.pid_tau_counts_m2006
                0x20000088       0x6c ./Core/Src/app_control.o
 .bss.pid_pos_m2006
                0x200000f4       0x6c ./Core/Src/app_control.o
 .bss.as5600_state
                0x20000160       0x20 ./Core/Src/app_control.o
 .bss.key_prev.2
                0x20000180        0x1 ./Core/Src/app_control.o
 *fill*         0x20000181        0x3 
 .bss.t0.1      0x20000184        0x4 ./Core/Src/app_control.o
 .bss.long_fired.0
                0x20000188        0x1 ./Core/Src/app_control.o
 *fill*         0x20000189        0x3 
 .bss.moto_chassis
                0x2000018c       0xb0 ./Core/Src/bsp_can.o
                0x2000018c                moto_chassis
 .bss.moto_info
                0x2000023c       0x2c ./Core/Src/bsp_can.o
                0x2000023c                moto_info
 .bss.hcan1     0x20000268       0x28 ./Core/Src/can.o
                0x20000268                hcan1
 .bss.defaultTaskHandle
                0x20000290        0x4 ./Core/Src/freertos.o
                0x20000290                defaultTaskHandle
 .bss.xIdleTaskTCBBuffer
                0x20000294       0xa0 ./Core/Src/freertos.o
 .bss.xIdleStack
                0x20000334      0x200 ./Core/Src/freertos.o
 .bss.hi2c2     0x20000534       0x54 ./Core/Src/i2c.o
                0x20000534                hi2c2
 .bss.pid_spd   0x20000588      0x1b0 ./Core/Src/pid.o
                0x20000588                pid_spd
 .bss.htim6     0x20000738       0x48 ./Core/Src/stm32f4xx_hal_timebase_tim.o
                0x20000738                htim6
 .bss.uwTick    0x20000780        0x4 ./Drivers/STM32F4xx_HAL_Driver/Src/stm32f4xx_hal.o
                0x20000780                uwTick
 .bss.pxCurrentTCB
                0x20000784        0x4 ./Middlewares/Third_Party/FreeRTOS/Source/tasks.o
                0x20000784                pxCurrentTCB
 .bss.pxReadyTasksLists
                0x20000788       0x8c ./Middlewares/Third_Party/FreeRTOS/Source/tasks.o
 .bss.xDelayedTaskList1
                0x20000814       0x14 ./Middlewares/Third_Party/FreeRTOS/Source/tasks.o
 .bss.xDelayedTaskList2
                0x20000828       0x14 ./Middlewares/Third_Party/FreeRTOS/Source/tasks.o
 .bss.pxDelayedTaskList
                0x2000083c        0x4 ./Middlewares/Third_Party/FreeRTOS/Source/tasks.o
 .bss.pxOverflowDelayedTaskList
                0x20000840        0x4 ./Middlewares/Third_Party/FreeRTOS/Source/tasks.o
 .bss.xPendingReadyList
                0x20000844       0x14 ./Middlewares/Third_Party/FreeRTOS/Source/tasks.o
 .bss.xTasksWaitingTermination
                0x20000858       0x14 ./Middlewares/Third_Party/FreeRTOS/Source/tasks.o
 .bss.uxDeletedTasksWaitingCleanUp
                0x2000086c        0x4 ./Middlewares/Third_Party/FreeRTOS/Source/tasks.o
 .bss.xSuspendedTaskList
                0x20000870       0x14 ./Middlewares/Third_Party/FreeRTOS/Source/tasks.o
 .bss.uxCurrentNumberOfTasks
                0x20000884        0x4 ./Middlewares/Third_Party/FreeRTOS/Source/tasks.o
 .bss.xTickCount
                0x20000888        0x4 ./Middlewares/Third_Party/FreeRTOS/Source/tasks.o
 .bss.uxTopReadyPriority
                0x2000088c        0x4 ./Middlewares/Third_Party/FreeRTOS/Source/tasks.o
 .bss.xSchedulerRunning
                0x20000890        0x4 ./Middlewares/Third_Party/FreeRTOS/Source/tasks.o
 .bss.xPendedTicks
                0x20000894        0x4 ./Middlewares/Third_Party/FreeRTOS/Source/tasks.o
 .bss.xYieldPending
                0x20000898        0x4 ./Middlewares/Third_Party/FreeRTOS/Source/tasks.o
 .bss.xNumOfOverflows
                0x2000089c        0x4 ./Middlewares/Third_Party/FreeRTOS/Source/tasks.o
 .bss.uxTaskNumber
                0x200008a0        0x4 ./Middlewares/Third_Party/FreeRTOS/Source/tasks.o
 .bss.xNextTaskUnblockTime
                0x200008a4        0x4 ./Middlewares/Third_Party/FreeRTOS/Source/tasks.o
 .bss.xIdleTaskHandle
                0x200008a8        0x4 ./Middlewares/Third_Party/FreeRTOS/Source/tasks.o
 .bss.uxSchedulerSuspended
                0x200008ac        0x4 ./Middlewares/Third_Party/FreeRTOS/Source/tasks.o
 .bss.ucMaxSysCallPriority
                0x200008b0        0x1 ./Middlewares/Third_Party/FreeRTOS/Source/portable/GCC/ARM_CM4F/port.o
 *fill*         0x200008b1        0x3 
 .bss.ulMaxPRIGROUPValue
                0x200008b4        0x4 ./Middlewares/Third_Party/FreeRTOS/Source/portable/GCC/ARM_CM4F/port.o
 .bss.ucHeap    0x200008b8     0x3c00 ./Middlewares/Third_Party/FreeRTOS/Source/portable/MemMang/heap_4.o
 .bss.xStart    0x200044b8        0x8 ./Middlewares/Third_Party/FreeRTOS/Source/portable/MemMang/heap_4.o
 .bss.pxEnd     0x200044c0        0x4 ./Middlewares/Third_Party/FreeRTOS/Source/portable/MemMang/heap_4.o
 .bss.xFreeBytesRemaining
                0x200044c4        0x4 ./Middlewares/Third_Party/FreeRTOS/Source/portable/MemMang/heap_4.o
 .bss.xMinimumEverFreeBytesRemaining
                0x200044c8        0x4 ./Middlewares/Third_Party/FreeRTOS/Source/portable/MemMang/heap_4.o
 .bss.xNumberOfSuccessfulAllocations
                0x200044cc        0x4 ./Middlewares/Third_Party/FreeRTOS/Source/portable/MemMang/heap_4.o
 .bss.xNumberOfSuccessfulFrees
                0x200044d0        0x4 ./Middlewares/Third_Party/FreeRTOS/Source/portable/MemMang/heap_4.o
 .bss.xBlockAllocatedBit
                0x200044d4        0x4 ./Middlewares/Third_Party/FreeRTOS/Source/portable/MemMang/heap_4.o
 .bss.__sf      0x200044d8      0x138 /Applications/STM32CubeIDE.app/Contents/Eclipse/plugins/com.st.stm32cube.ide.mcu.externaltools.gnu-tools-for-stm32.13.3.rel1.macos64_1.0.0.202411102158/tools/bin/../lib/gcc/arm-none-eabi/13.3.1/../../../../arm-none-eabi/lib/thumb/v7e-m+fp/hard/libc_nano.a(libc_a-findfp.o)
                0x200044d8                __sf
 .bss.__lock___malloc_recursive_mutex
                0x20004610        0x1 /Applications/STM32CubeIDE.app/Contents/Eclipse/plugins/com.st.stm32cube.ide.mcu.externaltools.gnu-tools-for-stm32.13.3.rel1.macos64_1.0.0.202411102158/tools/bin/../lib/gcc/arm-none-eabi/13.3.1/../../../../arm-none-eabi/lib/thumb/v7e-m+fp/hard/libc_nano.a(libc_a-lock.o)
                0x20004610                __lock___malloc_recursive_mutex
 *fill*         0x20004611        0x3 
 .bss.__malloc_free_list
                0x20004614        0x4 /Applications/STM32CubeIDE.app/Contents/Eclipse/plugins/com.st.stm32cube.ide.mcu.externaltools.gnu-tools-for-stm32.13.3.rel1.macos64_1.0.0.202411102158/tools/bin/../lib/gcc/arm-none-eabi/13.3.1/../../../../arm-none-eabi/lib/thumb/v7e-m+fp/hard/libc_nano.a(libc_a-mallocr.o)
                0x20004614                __malloc_free_list
 *(COMMON)
                0x20004618                        . = ALIGN (0x4)
                0x20004618                        _ebss = .
                0x20004618                        __bss_end__ = _ebss

._user_heap_stack
                0x20004618      0x600
                0x20004618                        . = ALIGN (0x8)
                [!provide]                        PROVIDE (end = .)
                0x20004618                        PROVIDE (_end = .)
                0x20004818                        . = (. + _Min_Heap_Size)
 *fill*         0x20004618      0x200 
                0x20004c18                        . = (. + _Min_Stack_Size)
 *fill*         0x20004818      0x400 
                0x20004c18                        . = ALIGN (0x8)

/DISCARD/
 libc.a(*)
 libm.a(*)
 libgcc.a(*)

.ARM.attributes
                0x00000000       0x30
 *(.ARM.attributes)
 .ARM.attributes
                0x00000000       0x22 /Applications/STM32CubeIDE.app/Contents/Eclipse/plugins/com.st.stm32cube.ide.mcu.externaltools.gnu-tools-for-stm32.13.3.rel1.macos64_1.0.0.202411102158/tools/bin/../lib/gcc/arm-none-eabi/13.3.1/thumb/v7e-m+fp/hard/crti.o
 .ARM.attributes
                0x00000022       0x34 /Applications/STM32CubeIDE.app/Contents/Eclipse/plugins/com.st.stm32cube.ide.mcu.externaltools.gnu-tools-for-stm32.13.3.rel1.macos64_1.0.0.202411102158/tools/bin/../lib/gcc/arm-none-eabi/13.3.1/thumb/v7e-m+fp/hard/crtbegin.o
 .ARM.attributes
                0x00000056       0x34 ./Core/Src/app_control.o
 .ARM.attributes
                0x0000008a       0x34 ./Core/Src/as5600_port_hal.o
 .ARM.attributes
                0x000000be       0x34 ./Core/Src/bsp_as5600.o
 .ARM.attributes
                0x000000f2       0x34 ./Core/Src/bsp_can.o
 .ARM.attributes
                0x00000126       0x34 ./Core/Src/can.o
 .ARM.attributes
                0x0000015a       0x34 ./Core/Src/freertos.o
 .ARM.attributes
                0x0000018e       0x34 ./Core/Src/gpio.o
 .ARM.attributes
                0x000001c2       0x34 ./Core/Src/i2c.o
 .ARM.attributes
                0x000001f6       0x34 ./Core/Src/main.o
 .ARM.attributes
                0x0000022a       0x34 ./Core/Src/pid.o
 .ARM.attributes
                0x0000025e       0x34 ./Core/Src/stm32f4xx_hal_msp.o
 .ARM.attributes
                0x00000292       0x34 ./Core/Src/stm32f4xx_hal_timebase_tim.o
 .ARM.attributes
                0x000002c6       0x34 ./Core/Src/stm32f4xx_it.o
 .ARM.attributes
                0x000002fa       0x34 ./Core/Src/system_stm32f4xx.o
 .ARM.attributes
                0x0000032e       0x21 ./Core/Startup/startup_stm32f427iihx.o
 .ARM.attributes
                0x0000034f       0x34 ./Drivers/STM32F4xx_HAL_Driver/Src/stm32f4xx_hal.o
 .ARM.attributes
                0x00000383       0x34 ./Drivers/STM32F4xx_HAL_Driver/Src/stm32f4xx_hal_can.o
 .ARM.attributes
                0x000003b7       0x34 ./Drivers/STM32F4xx_HAL_Driver/Src/stm32f4xx_hal_cortex.o
 .ARM.attributes
                0x000003eb       0x34 ./Drivers/STM32F4xx_HAL_Driver/Src/stm32f4xx_hal_gpio.o
 .ARM.attributes
                0x0000041f       0x34 ./Drivers/STM32F4xx_HAL_Driver/Src/stm32f4xx_hal_i2c.o
 .ARM.attributes
                0x00000453       0x34 ./Drivers/STM32F4xx_HAL_Driver/Src/stm32f4xx_hal_i2c_ex.o
 .ARM.attributes
                0x00000487       0x34 ./Drivers/STM32F4xx_HAL_Driver/Src/stm32f4xx_hal_pwr_ex.o
 .ARM.attributes
                0x000004bb       0x34 ./Drivers/STM32F4xx_HAL_Driver/Src/stm32f4xx_hal_rcc.o
 .ARM.attributes
                0x000004ef       0x34 ./Drivers/STM32F4xx_HAL_Driver/Src/stm32f4xx_hal_tim.o
 .ARM.attributes
                0x00000523       0x34 ./Drivers/STM32F4xx_HAL_Driver/Src/stm32f4xx_hal_tim_ex.o
 .ARM.attributes
                0x00000557       0x34 ./Middlewares/Third_Party/FreeRTOS/Source/CMSIS_RTOS/cmsis_os.o
 .ARM.attributes
                0x0000058b       0x34 ./Middlewares/Third_Party/FreeRTOS/Source/list.o
 .ARM.attributes
                0x000005bf       0x34 ./Middlewares/Third_Party/FreeRTOS/Source/tasks.o
 .ARM.attributes
                0x000005f3       0x34 ./Middlewares/Third_Party/FreeRTOS/Source/portable/GCC/ARM_CM4F/port.o
 .ARM.attributes
                0x00000627       0x34 ./Middlewares/Third_Party/FreeRTOS/Source/portable/MemMang/heap_4.o
 .ARM.attributes
                0x0000065b       0x34 /Applications/STM32CubeIDE.app/Contents/Eclipse/plugins/com.st.stm32cube.ide.mcu.externaltools.gnu-tools-for-stm32.13.3.rel1.macos64_1.0.0.202411102158/tools/bin/../lib/gcc/arm-none-eabi/13.3.1/../../../../arm-none-eabi/lib/thumb/v7e-m+fp/hard/libc_nano.a(libc_a-findfp.o)
 .ARM.attributes
                0x0000068f       0x34 /Applications/STM32CubeIDE.app/Contents/Eclipse/plugins/com.st.stm32cube.ide.mcu.externaltools.gnu-tools-for-stm32.13.3.rel1.macos64_1.0.0.202411102158/tools/bin/../lib/gcc/arm-none-eabi/13.3.1/../../../../arm-none-eabi/lib/thumb/v7e-m+fp/hard/libc_nano.a(libc_a-memset.o)
 .ARM.attributes
                0x000006c3       0x34 /Applications/STM32CubeIDE.app/Contents/Eclipse/plugins/com.st.stm32cube.ide.mcu.externaltools.gnu-tools-for-stm32.13.3.rel1.macos64_1.0.0.202411102158/tools/bin/../lib/gcc/arm-none-eabi/13.3.1/../../../../arm-none-eabi/lib/thumb/v7e-m+fp/hard/libc_nano.a(libc_a-init.o)
 .ARM.attributes
                0x000006f7       0x34 /Applications/STM32CubeIDE.app/Contents/Eclipse/plugins/com.st.stm32cube.ide.mcu.externaltools.gnu-tools-for-stm32.13.3.rel1.macos64_1.0.0.202411102158/tools/bin/../lib/gcc/arm-none-eabi/13.3.1/../../../../arm-none-eabi/lib/thumb/v7e-m+fp/hard/libc_nano.a(libc_a-lock.o)
 .ARM.attributes
                0x0000072b       0x34 /Applications/STM32CubeIDE.app/Contents/Eclipse/plugins/com.st.stm32cube.ide.mcu.externaltools.gnu-tools-for-stm32.13.3.rel1.macos64_1.0.0.202411102158/tools/bin/../lib/gcc/arm-none-eabi/13.3.1/../../../../arm-none-eabi/lib/thumb/v7e-m+fp/hard/libc_nano.a(libc_a-reent.o)
 .ARM.attributes
                0x0000075f       0x34 /Applications/STM32CubeIDE.app/Contents/Eclipse/plugins/com.st.stm32cube.ide.mcu.externaltools.gnu-tools-for-stm32.13.3.rel1.macos64_1.0.0.202411102158/tools/bin/../lib/gcc/arm-none-eabi/13.3.1/../../../../arm-none-eabi/lib/thumb/v7e-m+fp/hard/libc_nano.a(libc_a-impure.o)
 .ARM.attributes
                0x00000793       0x34 /Applications/STM32CubeIDE.app/Contents/Eclipse/plugins/com.st.stm32cube.ide.mcu.externaltools.gnu-tools-for-stm32.13.3.rel1.macos64_1.0.0.202411102158/tools/bin/../lib/gcc/arm-none-eabi/13.3.1/../../../../arm-none-eabi/lib/thumb/v7e-m+fp/hard/libc_nano.a(libc_a-freer.o)
 .ARM.attributes
                0x000007c7       0x34 /Applications/STM32CubeIDE.app/Contents/Eclipse/plugins/com.st.stm32cube.ide.mcu.externaltools.gnu-tools-for-stm32.13.3.rel1.macos64_1.0.0.202411102158/tools/bin/../lib/gcc/arm-none-eabi/13.3.1/../../../../arm-none-eabi/lib/thumb/v7e-m+fp/hard/libc_nano.a(libc_a-mallocr.o)
 .ARM.attributes
                0x000007fb       0x34 /Applications/STM32CubeIDE.app/Contents/Eclipse/plugins/com.st.stm32cube.ide.mcu.externaltools.gnu-tools-for-stm32.13.3.rel1.macos64_1.0.0.202411102158/tools/bin/../lib/gcc/arm-none-eabi/13.3.1/../../../../arm-none-eabi/lib/thumb/v7e-m+fp/hard/libc_nano.a(libc_a-mlock.o)
 .ARM.attributes
                0x0000082f       0x22 /Applications/STM32CubeIDE.app/Contents/Eclipse/plugins/com.st.stm32cube.ide.mcu.externaltools.gnu-tools-for-stm32.13.3.rel1.macos64_1.0.0.202411102158/tools/bin/../lib/gcc/arm-none-eabi/13.3.1/thumb/v7e-m+fp/hard/libgcc.a(_aeabi_uldivmod.o)
 .ARM.attributes
                0x00000851       0x34 /Applications/STM32CubeIDE.app/Contents/Eclipse/plugins/com.st.stm32cube.ide.mcu.externaltools.gnu-tools-for-stm32.13.3.rel1.macos64_1.0.0.202411102158/tools/bin/../lib/gcc/arm-none-eabi/13.3.1/thumb/v7e-m+fp/hard/libgcc.a(_udivmoddi4.o)
 .ARM.attributes
                0x00000885       0x22 /Applications/STM32CubeIDE.app/Contents/Eclipse/plugins/com.st.stm32cube.ide.mcu.externaltools.gnu-tools-for-stm32.13.3.rel1.macos64_1.0.0.202411102158/tools/bin/../lib/gcc/arm-none-eabi/13.3.1/thumb/v7e-m+fp/hard/libgcc.a(_dvmd_tls.o)
 .ARM.attributes
                0x000008a7       0x22 /Applications/STM32CubeIDE.app/Contents/Eclipse/plugins/com.st.stm32cube.ide.mcu.externaltools.gnu-tools-for-stm32.13.3.rel1.macos64_1.0.0.202411102158/tools/bin/../lib/gcc/arm-none-eabi/13.3.1/thumb/v7e-m+fp/hard/crtn.o
OUTPUT(RoboProsthesis.elf elf32-littlearm)
LOAD linker stubs
LOAD /Applications/STM32CubeIDE.app/Contents/Eclipse/plugins/com.st.stm32cube.ide.mcu.externaltools.gnu-tools-for-stm32.13.3.rel1.macos64_1.0.0.202411102158/tools/bin/../lib/gcc/arm-none-eabi/13.3.1/../../../../arm-none-eabi/lib/thumb/v7e-m+fp/hard/libc.a
LOAD /Applications/STM32CubeIDE.app/Contents/Eclipse/plugins/com.st.stm32cube.ide.mcu.externaltools.gnu-tools-for-stm32.13.3.rel1.macos64_1.0.0.202411102158/tools/bin/../lib/gcc/arm-none-eabi/13.3.1/../../../../arm-none-eabi/lib/thumb/v7e-m+fp/hard/libm.a
LOAD /Applications/STM32CubeIDE.app/Contents/Eclipse/plugins/com.st.stm32cube.ide.mcu.externaltools.gnu-tools-for-stm32.13.3.rel1.macos64_1.0.0.202411102158/tools/bin/../lib/gcc/arm-none-eabi/13.3.1/thumb/v7e-m+fp/hard/libgcc.a

.debug_info     0x00000000    0x16e40
 .debug_info    0x00000000      0x838 ./Core/Src/app_control.o
 .debug_info    0x00000838      0x6e6 ./Core/Src/as5600_port_hal.o
 .debug_info    0x00000f1e      0x2ee ./Core/Src/bsp_as5600.o
 .debug_info    0x0000120c      0xadb ./Core/Src/bsp_can.o
 .debug_info    0x00001ce7      0xaff ./Core/Src/can.o
 .debug_info    0x000027e6      0xacf ./Core/Src/freertos.o
 .debug_info    0x000032b5      0x459 ./Core/Src/gpio.o
 .debug_info    0x0000370e      0x9be ./Core/Src/i2c.o
 .debug_info    0x000040cc      0xfa3 ./Core/Src/main.o
 .debug_info    0x0000506f      0x4a1 ./Core/Src/pid.o
 .debug_info    0x00005510      0x4f9 ./Core/Src/stm32f4xx_hal_msp.o
 .debug_info    0x00005a09      0xc34 ./Core/Src/stm32f4xx_hal_timebase_tim.o
 .debug_info    0x0000663d      0xa9e ./Core/Src/stm32f4xx_it.o
 .debug_info    0x000070db      0x52e ./Core/Src/system_stm32f4xx.o
 .debug_info    0x00007609       0x30 ./Core/Startup/startup_stm32f427iihx.o
 .debug_info    0x00007639      0x9ae ./Drivers/STM32F4xx_HAL_Driver/Src/stm32f4xx_hal.o
 .debug_info    0x00007fe7      0xf42 ./Drivers/STM32F4xx_HAL_Driver/Src/stm32f4xx_hal_can.o
 .debug_info    0x00008f29      0xdb6 ./Drivers/STM32F4xx_HAL_Driver/Src/stm32f4xx_hal_cortex.o
 .debug_info    0x00009cdf      0x6db ./Drivers/STM32F4xx_HAL_Driver/Src/stm32f4xx_hal_gpio.o
 .debug_info    0x0000a3ba     0x2421 ./Drivers/STM32F4xx_HAL_Driver/Src/stm32f4xx_hal_i2c.o
 .debug_info    0x0000c7db      0x672 ./Drivers/STM32F4xx_HAL_Driver/Src/stm32f4xx_hal_i2c_ex.o
 .debug_info    0x0000ce4d      0x6be ./Drivers/STM32F4xx_HAL_Driver/Src/stm32f4xx_hal_pwr_ex.o
 .debug_info    0x0000d50b      0x8db ./Drivers/STM32F4xx_HAL_Driver/Src/stm32f4xx_hal_rcc.o
 .debug_info    0x0000dde6     0x299d ./Drivers/STM32F4xx_HAL_Driver/Src/stm32f4xx_hal_tim.o
 .debug_info    0x00010783     0x14db ./Drivers/STM32F4xx_HAL_Driver/Src/stm32f4xx_hal_tim_ex.o
 .debug_info    0x00011c5e     0x21e2 ./Middlewares/Third_Party/FreeRTOS/Source/CMSIS_RTOS/cmsis_os.o
 .debug_info    0x00013e40      0x2af ./Middlewares/Third_Party/FreeRTOS/Source/list.o
 .debug_info    0x000140ef     0x239e ./Middlewares/Third_Party/FreeRTOS/Source/tasks.o
 .debug_info    0x0001648d      0x4de ./Middlewares/Third_Party/FreeRTOS/Source/portable/GCC/ARM_CM4F/port.o
 .debug_info    0x0001696b      0x4d5 ./Middlewares/Third_Party/FreeRTOS/Source/portable/MemMang/heap_4.o

.debug_abbrev   0x00000000     0x3d4b
 .debug_abbrev  0x00000000      0x26e ./Core/Src/app_control.o
 .debug_abbrev  0x0000026e      0x1a7 ./Core/Src/as5600_port_hal.o
 .debug_abbrev  0x00000415      0x121 ./Core/Src/bsp_as5600.o
 .debug_abbrev  0x00000536      0x220 ./Core/Src/bsp_can.o
 .debug_abbrev  0x00000756      0x21f ./Core/Src/can.o
 .debug_abbrev  0x00000975      0x1f2 ./Core/Src/freertos.o
 .debug_abbrev  0x00000b67      0x152 ./Core/Src/gpio.o
 .debug_abbrev  0x00000cb9      0x20a ./Core/Src/i2c.o
 .debug_abbrev  0x00000ec3      0x29d ./Core/Src/main.o
 .debug_abbrev  0x00001160      0x191 ./Core/Src/pid.o
 .debug_abbrev  0x000012f1      0x119 ./Core/Src/stm32f4xx_hal_msp.o
 .debug_abbrev  0x0000140a      0x1f4 ./Core/Src/stm32f4xx_hal_timebase_tim.o
 .debug_abbrev  0x000015fe      0x1c7 ./Core/Src/stm32f4xx_it.o
 .debug_abbrev  0x000017c5      0x11a ./Core/Src/system_stm32f4xx.o
 .debug_abbrev  0x000018df       0x24 ./Core/Startup/startup_stm32f427iihx.o
 .debug_abbrev  0x00001903      0x214 ./Drivers/STM32F4xx_HAL_Driver/Src/stm32f4xx_hal.o
 .debug_abbrev  0x00001b17      0x25a ./Drivers/STM32F4xx_HAL_Driver/Src/stm32f4xx_hal_can.o
 .debug_abbrev  0x00001d71      0x31d ./Drivers/STM32F4xx_HAL_Driver/Src/stm32f4xx_hal_cortex.o
 .debug_abbrev  0x0000208e      0x1d4 ./Drivers/STM32F4xx_HAL_Driver/Src/stm32f4xx_hal_gpio.o
 .debug_abbrev  0x00002262      0x2ad ./Drivers/STM32F4xx_HAL_Driver/Src/stm32f4xx_hal_i2c.o
 .debug_abbrev  0x0000250f      0x157 ./Drivers/STM32F4xx_HAL_Driver/Src/stm32f4xx_hal_i2c_ex.o
 .debug_abbrev  0x00002666      0x1cf ./Drivers/STM32F4xx_HAL_Driver/Src/stm32f4xx_hal_pwr_ex.o
 .debug_abbrev  0x00002835      0x2b7 ./Drivers/STM32F4xx_HAL_Driver/Src/stm32f4xx_hal_rcc.o
 .debug_abbrev  0x00002aec      0x278 ./Drivers/STM32F4xx_HAL_Driver/Src/stm32f4xx_hal_tim.o
 .debug_abbrev  0x00002d64      0x283 ./Drivers/STM32F4xx_HAL_Driver/Src/stm32f4xx_hal_tim_ex.o
 .debug_abbrev  0x00002fe7      0x426 ./Middlewares/Third_Party/FreeRTOS/Source/CMSIS_RTOS/cmsis_os.o
 .debug_abbrev  0x0000340d       0xf5 ./Middlewares/Third_Party/FreeRTOS/Source/list.o
 .debug_abbrev  0x00003502      0x3d0 ./Middlewares/Third_Party/FreeRTOS/Source/tasks.o
 .debug_abbrev  0x000038d2      0x25c ./Middlewares/Third_Party/FreeRTOS/Source/portable/GCC/ARM_CM4F/port.o
 .debug_abbrev  0x00003b2e      0x21d ./Middlewares/Third_Party/FreeRTOS/Source/portable/MemMang/heap_4.o

.debug_aranges  0x00000000     0x1480
 .debug_aranges
                0x00000000       0x40 ./Core/Src/app_control.o
 .debug_aranges
                0x00000040       0x30 ./Core/Src/as5600_port_hal.o
 .debug_aranges
                0x00000070       0x38 ./Core/Src/bsp_as5600.o
 .debug_aranges
                0x000000a8       0x48 ./Core/Src/bsp_can.o
 .debug_aranges
                0x000000f0       0x30 ./Core/Src/can.o
 .debug_aranges
                0x00000120       0x30 ./Core/Src/freertos.o
 .debug_aranges
                0x00000150       0x20 ./Core/Src/gpio.o
 .debug_aranges
                0x00000170       0x30 ./Core/Src/i2c.o
 .debug_aranges
                0x000001a0       0x38 ./Core/Src/main.o
 .debug_aranges
                0x000001d8       0x50 ./Core/Src/pid.o
 .debug_aranges
                0x00000228       0x20 ./Core/Src/stm32f4xx_hal_msp.o
 .debug_aranges
                0x00000248       0x30 ./Core/Src/stm32f4xx_hal_timebase_tim.o
 .debug_aranges
                0x00000278       0x60 ./Core/Src/stm32f4xx_it.o
 .debug_aranges
                0x000002d8       0x28 ./Core/Src/system_stm32f4xx.o
 .debug_aranges
                0x00000300       0x28 ./Core/Startup/startup_stm32f427iihx.o
 .debug_aranges
                0x00000328      0x100 ./Drivers/STM32F4xx_HAL_Driver/Src/stm32f4xx_hal.o
 .debug_aranges
                0x00000428      0x138 ./Drivers/STM32F4xx_HAL_Driver/Src/stm32f4xx_hal_can.o
 .debug_aranges
                0x00000560      0x130 ./Drivers/STM32F4xx_HAL_Driver/Src/stm32f4xx_hal_cortex.o
 .debug_aranges
                0x00000690       0x58 ./Drivers/STM32F4xx_HAL_Driver/Src/stm32f4xx_hal_gpio.o
 .debug_aranges
                0x000006e8      0x2a8 ./Drivers/STM32F4xx_HAL_Driver/Src/stm32f4xx_hal_i2c.o
 .debug_aranges
                0x00000990       0x28 ./Drivers/STM32F4xx_HAL_Driver/Src/stm32f4xx_hal_i2c_ex.o
 .debug_aranges
                0x000009b8       0x60 ./Drivers/STM32F4xx_HAL_Driver/Src/stm32f4xx_hal_pwr_ex.o
 .debug_aranges
                0x00000a18       0x88 ./Drivers/STM32F4xx_HAL_Driver/Src/stm32f4xx_hal_rcc.o
 .debug_aranges
                0x00000aa0      0x3d0 ./Drivers/STM32F4xx_HAL_Driver/Src/stm32f4xx_hal_tim.o
 .debug_aranges
                0x00000e70      0x168 ./Drivers/STM32F4xx_HAL_Driver/Src/stm32f4xx_hal_tim_ex.o
 .debug_aranges
                0x00000fd8      0x1d8 ./Middlewares/Third_Party/FreeRTOS/Source/CMSIS_RTOS/cmsis_os.o
 .debug_aranges
                0x000011b0       0x40 ./Middlewares/Third_Party/FreeRTOS/Source/list.o
 .debug_aranges
                0x000011f0      0x1b8 ./Middlewares/Third_Party/FreeRTOS/Source/tasks.o
 .debug_aranges
                0x000013a8       0x80 ./Middlewares/Third_Party/FreeRTOS/Source/portable/GCC/ARM_CM4F/port.o
 .debug_aranges
                0x00001428       0x58 ./Middlewares/Third_Party/FreeRTOS/Source/portable/MemMang/heap_4.o

.debug_rnglists
                0x00000000      0xfc1
 .debug_rnglists
                0x00000000       0x2d ./Core/Src/app_control.o
 .debug_rnglists
                0x0000002d       0x20 ./Core/Src/as5600_port_hal.o
 .debug_rnglists
                0x0000004d       0x28 ./Core/Src/bsp_as5600.o
 .debug_rnglists
                0x00000075       0x34 ./Core/Src/bsp_can.o
 .debug_rnglists
                0x000000a9       0x20 ./Core/Src/can.o
 .debug_rnglists
                0x000000c9       0x1f ./Core/Src/freertos.o
 .debug_rnglists
                0x000000e8       0x14 ./Core/Src/gpio.o
 .debug_rnglists
                0x000000fc       0x21 ./Core/Src/i2c.o
 .debug_rnglists
                0x0000011d       0x26 ./Core/Src/main.o
 .debug_rnglists
                0x00000143       0x39 ./Core/Src/pid.o
 .debug_rnglists
                0x0000017c       0x13 ./Core/Src/stm32f4xx_hal_msp.o
 .debug_rnglists
                0x0000018f       0x20 ./Core/Src/stm32f4xx_hal_timebase_tim.o
 .debug_rnglists
                0x000001af       0x43 ./Core/Src/stm32f4xx_it.o
 .debug_rnglists
                0x000001f2       0x1a ./Core/Src/system_stm32f4xx.o
 .debug_rnglists
                0x0000020c       0x19 ./Core/Startup/startup_stm32f427iihx.o
 .debug_rnglists
                0x00000225       0xbb ./Drivers/STM32F4xx_HAL_Driver/Src/stm32f4xx_hal.o
 .debug_rnglists
                0x000002e0       0xee ./Drivers/STM32F4xx_HAL_Driver/Src/stm32f4xx_hal_can.o
 .debug_rnglists
                0x000003ce       0xe0 ./Drivers/STM32F4xx_HAL_Driver/Src/stm32f4xx_hal_cortex.o
 .debug_rnglists
                0x000004ae       0x3f ./Drivers/STM32F4xx_HAL_Driver/Src/stm32f4xx_hal_gpio.o
 .debug_rnglists
                0x000004ed      0x23c ./Drivers/STM32F4xx_HAL_Driver/Src/stm32f4xx_hal_i2c.o
 .debug_rnglists
                0x00000729       0x19 ./Drivers/STM32F4xx_HAL_Driver/Src/stm32f4xx_hal_i2c_ex.o
 .debug_rnglists
                0x00000742       0x47 ./Drivers/STM32F4xx_HAL_Driver/Src/stm32f4xx_hal_pwr_ex.o
 .debug_rnglists
                0x00000789       0x66 ./Drivers/STM32F4xx_HAL_Driver/Src/stm32f4xx_hal_rcc.o
 .debug_rnglists
                0x000007ef      0x31a ./Drivers/STM32F4xx_HAL_Driver/Src/stm32f4xx_hal_tim.o
 .debug_rnglists
                0x00000b09      0x125 ./Drivers/STM32F4xx_HAL_Driver/Src/stm32f4xx_hal_tim_ex.o
 .debug_rnglists
                0x00000c2e      0x16a ./Middlewares/Third_Party/FreeRTOS/Source/CMSIS_RTOS/cmsis_os.o
 .debug_rnglists
                0x00000d98       0x2b ./Middlewares/Third_Party/FreeRTOS/Source/list.o
 .debug_rnglists
                0x00000dc3      0x15f ./Middlewares/Third_Party/FreeRTOS/Source/tasks.o
 .debug_rnglists
                0x00000f22       0x5d ./Middlewares/Third_Party/FreeRTOS/Source/portable/GCC/ARM_CM4F/port.o
 .debug_rnglists
                0x00000f7f       0x42 ./Middlewares/Third_Party/FreeRTOS/Source/portable/MemMang/heap_4.o

.debug_macro    0x00000000    0x26d42
 .debug_macro   0x00000000      0x4d1 ./Core/Src/app_control.o
 .debug_macro   0x000004d1      0xad8 ./Core/Src/app_control.o
 .debug_macro   0x00000fa9      0x2a1 ./Core/Src/app_control.o
 .debug_macro   0x0000124a       0x2e ./Core/Src/app_control.o
 .debug_macro   0x00001278       0x28 ./Core/Src/app_control.o
 .debug_macro   0x000012a0       0x22 ./Core/Src/app_control.o
 .debug_macro   0x000012c2       0x8e ./Core/Src/app_control.o
 .debug_macro   0x00001350       0x51 ./Core/Src/app_control.o
 .debug_macro   0x000013a1      0x103 ./Core/Src/app_control.o
 .debug_macro   0x000014a4       0x6a ./Core/Src/app_control.o
 .debug_macro   0x0000150e      0x1df ./Core/Src/app_control.o
 .debug_macro   0x000016ed       0x1c ./Core/Src/app_control.o
 .debug_macro   0x00001709       0x22 ./Core/Src/app_control.o
 .debug_macro   0x0000172b       0xfb ./Core/Src/app_control.o
 .debug_macro   0x00001826     0x1011 ./Core/Src/app_control.o
 .debug_macro   0x00002837      0x11f ./Core/Src/app_control.o
 .debug_macro   0x00002956    0x178cc ./Core/Src/app_control.o
 .debug_macro   0x0001a222       0x6d ./Core/Src/app_control.o
 .debug_macro   0x0001a28f     0x370a ./Core/Src/app_control.o
 .debug_macro   0x0001d999      0x190 ./Core/Src/app_control.o
 .debug_macro   0x0001db29       0x5c ./Core/Src/app_control.o
 .debug_macro   0x0001db85      0xc82 ./Core/Src/app_control.o
 .debug_macro   0x0001e807      0x9e9 ./Core/Src/app_control.o
 .debug_macro   0x0001f1f0      0x115 ./Core/Src/app_control.o
 .debug_macro   0x0001f305      0x16f ./Core/Src/app_control.o
 .debug_macro   0x0001f474       0xa5 ./Core/Src/app_control.o
 .debug_macro   0x0001f519      0x182 ./Core/Src/app_control.o
 .debug_macro   0x0001f69b      0x287 ./Core/Src/app_control.o
 .debug_macro   0x0001f922       0x5f ./Core/Src/app_control.o
 .debug_macro   0x0001f981      0x236 ./Core/Src/app_control.o
 .debug_macro   0x0001fbb7      0x40f ./Core/Src/app_control.o
 .debug_macro   0x0001ffc6      0x132 ./Core/Src/app_control.o
 .debug_macro   0x000200f8      0x41d ./Core/Src/app_control.o
 .debug_macro   0x00020515       0x2e ./Core/Src/app_control.o
 .debug_macro   0x00020543      0x1b5 ./Core/Src/app_control.o
 .debug_macro   0x000206f8       0x22 ./Core/Src/app_control.o
 .debug_macro   0x0002071a       0xd6 ./Core/Src/app_control.o
 .debug_macro   0x000207f0      0x127 ./Core/Src/app_control.o
 .debug_macro   0x00020917       0xe2 ./Core/Src/app_control.o
 .debug_macro   0x000209f9       0x89 ./Core/Src/app_control.o
 .debug_macro   0x00020a82      0x8ed ./Core/Src/app_control.o
 .debug_macro   0x0002136f       0x4d ./Core/Src/app_control.o
 .debug_macro   0x000213bc      0x134 ./Core/Src/app_control.o
 .debug_macro   0x000214f0       0xee ./Core/Src/app_control.o
 .debug_macro   0x000215de      0x15a ./Core/Src/app_control.o
 .debug_macro   0x00021738       0xde ./Core/Src/app_control.o
 .debug_macro   0x00021816       0x1c ./Core/Src/app_control.o
 .debug_macro   0x00021832       0x26 ./Core/Src/app_control.o
 .debug_macro   0x00021858       0x61 ./Core/Src/app_control.o
 .debug_macro   0x000218b9       0x2a ./Core/Src/app_control.o
 .debug_macro   0x000218e3       0x43 ./Core/Src/app_control.o
 .debug_macro   0x00021926       0x34 ./Core/Src/app_control.o
 .debug_macro   0x0002195a      0x370 ./Core/Src/app_control.o
 .debug_macro   0x00021cca       0x16 ./Core/Src/app_control.o
 .debug_macro   0x00021ce0       0x4a ./Core/Src/app_control.o
 .debug_macro   0x00021d2a       0x34 ./Core/Src/app_control.o
 .debug_macro   0x00021d5e       0x10 ./Core/Src/app_control.o
 .debug_macro   0x00021d6e       0x58 ./Core/Src/app_control.o
 .debug_macro   0x00021dc6       0x8e ./Core/Src/app_control.o
 .debug_macro   0x00021e54       0x1c ./Core/Src/app_control.o
 .debug_macro   0x00021e70      0x185 ./Core/Src/app_control.o
 .debug_macro   0x00021ff5       0x10 ./Core/Src/app_control.o
 .debug_macro   0x00022005       0x3c ./Core/Src/app_control.o
 .debug_macro   0x00022041      0x4fe ./Core/Src/app_control.o
 .debug_macro   0x0002253f       0xb5 ./Core/Src/app_control.o
 .debug_macro   0x000225f4       0xaa ./Core/Src/app_control.o
 .debug_macro   0x0002269e       0x91 ./Core/Src/app_control.o
 .debug_macro   0x0002272f       0x8d ./Core/Src/app_control.o
 .debug_macro   0x000227bc       0x7e ./Core/Src/app_control.o
 .debug_macro   0x0002283a       0x19 ./Core/Src/app_control.o
 .debug_macro   0x00022853       0xf2 ./Core/Src/app_control.o
 .debug_macro   0x00022945       0x16 ./Core/Src/app_control.o
 .debug_macro   0x0002295b       0x16 ./Core/Src/app_control.o
 .debug_macro   0x00022971       0x29 ./Core/Src/app_control.o
 .debug_macro   0x0002299a       0x58 ./Core/Src/app_control.o
 .debug_macro   0x000229f2       0x16 ./Core/Src/app_control.o
 .debug_macro   0x00022a08       0x20 ./Core/Src/app_control.o
 .debug_macro   0x00022a28       0x22 ./Core/Src/app_control.o
 .debug_macro   0x00022a4a       0x2e ./Core/Src/app_control.o
 .debug_macro   0x00022a78      0x1f6 ./Core/Src/as5600_port_hal.o
 .debug_macro   0x00022c6e       0x22 ./Core/Src/as5600_port_hal.o
 .debug_macro   0x00022c90      0x1fa ./Core/Src/bsp_as5600.o
 .debug_macro   0x00022e8a       0x28 ./Core/Src/bsp_as5600.o
 .debug_macro   0x00022eb2      0x326 ./Core/Src/bsp_can.o
 .debug_macro   0x000231d8      0x200 ./Core/Src/can.o
 .debug_macro   0x000233d8       0x28 ./Core/Src/can.o
 .debug_macro   0x00023400      0x40f ./Core/Src/freertos.o
 .debug_macro   0x0002380f       0xee ./Core/Src/freertos.o
 .debug_macro   0x000238fd       0x56 ./Core/Src/freertos.o
 .debug_macro   0x00023953      0x200 ./Core/Src/gpio.o
 .debug_macro   0x00023b53      0x200 ./Core/Src/i2c.o
 .debug_macro   0x00023d53      0x40f ./Core/Src/main.o
 .debug_macro   0x00024162      0x322 ./Core/Src/pid.o
 .debug_macro   0x00024484      0x19b ./Core/Src/pid.o
 .debug_macro   0x0002461f      0x1f6 ./Core/Src/stm32f4xx_hal_msp.o
 .debug_macro   0x00024815      0x1e7 ./Core/Src/stm32f4xx_hal_timebase_tim.o
 .debug_macro   0x000249fc      0x200 ./Core/Src/stm32f4xx_it.o
 .debug_macro   0x00024bfc      0x1e7 ./Core/Src/system_stm32f4xx.o
 .debug_macro   0x00024de3      0x247 ./Drivers/STM32F4xx_HAL_Driver/Src/stm32f4xx_hal.o
 .debug_macro   0x0002502a      0x1f6 ./Drivers/STM32F4xx_HAL_Driver/Src/stm32f4xx_hal_can.o
 .debug_macro   0x00025220      0x1e7 ./Drivers/STM32F4xx_HAL_Driver/Src/stm32f4xx_hal_cortex.o
 .debug_macro   0x00025407      0x1ed ./Drivers/STM32F4xx_HAL_Driver/Src/stm32f4xx_hal_gpio.o
 .debug_macro   0x000255f4      0x235 ./Drivers/STM32F4xx_HAL_Driver/Src/stm32f4xx_hal_i2c.o
 .debug_macro   0x00025829      0x1e7 ./Drivers/STM32F4xx_HAL_Driver/Src/stm32f4xx_hal_i2c_ex.o
 .debug_macro   0x00025a10      0x1ff ./Drivers/STM32F4xx_HAL_Driver/Src/stm32f4xx_hal_pwr_ex.o
 .debug_macro   0x00025c0f      0x20b ./Drivers/STM32F4xx_HAL_Driver/Src/stm32f4xx_hal_rcc.o
 .debug_macro   0x00025e1a      0x1e8 ./Drivers/STM32F4xx_HAL_Driver/Src/stm32f4xx_hal_tim.o
 .debug_macro   0x00026002      0x1e7 ./Drivers/STM32F4xx_HAL_Driver/Src/stm32f4xx_hal_tim_ex.o
 .debug_macro   0x000261e9      0x210 ./Middlewares/Third_Party/FreeRTOS/Source/CMSIS_RTOS/cmsis_os.o
 .debug_macro   0x000263f9       0x10 ./Middlewares/Third_Party/FreeRTOS/Source/CMSIS_RTOS/cmsis_os.o
 .debug_macro   0x00026409       0x16 ./Middlewares/Third_Party/FreeRTOS/Source/CMSIS_RTOS/cmsis_os.o
 .debug_macro   0x0002641f       0xe9 ./Middlewares/Third_Party/FreeRTOS/Source/CMSIS_RTOS/cmsis_os.o
 .debug_macro   0x00026508      0x199 ./Middlewares/Third_Party/FreeRTOS/Source/list.o
 .debug_macro   0x000266a1      0x28b ./Middlewares/Third_Party/FreeRTOS/Source/tasks.o
 .debug_macro   0x0002692c       0x10 ./Middlewares/Third_Party/FreeRTOS/Source/tasks.o
 .debug_macro   0x0002693c      0x246 ./Middlewares/Third_Party/FreeRTOS/Source/portable/GCC/ARM_CM4F/port.o
 .debug_macro   0x00026b82      0x1c0 ./Middlewares/Third_Party/FreeRTOS/Source/portable/MemMang/heap_4.o

.debug_line     0x00000000    0x19f7c
 .debug_line    0x00000000      0xb9c ./Core/Src/app_control.o
 .debug_line    0x00000b9c      0x792 ./Core/Src/as5600_port_hal.o
 .debug_line    0x0000132e      0x8ca ./Core/Src/bsp_as5600.o
 .debug_line    0x00001bf8      0xa62 ./Core/Src/bsp_can.o
 .debug_line    0x0000265a      0x783 ./Core/Src/can.o
 .debug_line    0x00002ddd      0xaa8 ./Core/Src/freertos.o
 .debug_line    0x00003885      0x735 ./Core/Src/gpio.o
 .debug_line    0x00003fba      0x794 ./Core/Src/i2c.o
 .debug_line    0x0000474e      0xb0a ./Core/Src/main.o
 .debug_line    0x00005258      0xb98 ./Core/Src/pid.o
 .debug_line    0x00005df0      0x70c ./Core/Src/stm32f4xx_hal_msp.o
 .debug_line    0x000064fc      0x789 ./Core/Src/stm32f4xx_hal_timebase_tim.o
 .debug_line    0x00006c85      0x7c4 ./Core/Src/stm32f4xx_it.o
 .debug_line    0x00007449      0x781 ./Core/Src/system_stm32f4xx.o
 .debug_line    0x00007bca       0x7a ./Core/Startup/startup_stm32f427iihx.o
 .debug_line    0x00007c44      0xa33 ./Drivers/STM32F4xx_HAL_Driver/Src/stm32f4xx_hal.o
 .debug_line    0x00008677     0x11bc ./Drivers/STM32F4xx_HAL_Driver/Src/stm32f4xx_hal_can.o
 .debug_line    0x00009833      0xccd ./Drivers/STM32F4xx_HAL_Driver/Src/stm32f4xx_hal_cortex.o
 .debug_line    0x0000a500      0xb7d ./Drivers/STM32F4xx_HAL_Driver/Src/stm32f4xx_hal_gpio.o
 .debug_line    0x0000b07d     0x3aaa ./Drivers/STM32F4xx_HAL_Driver/Src/stm32f4xx_hal_i2c.o
 .debug_line    0x0000eb27      0x786 ./Drivers/STM32F4xx_HAL_Driver/Src/stm32f4xx_hal_i2c_ex.o
 .debug_line    0x0000f2ad      0x96a ./Drivers/STM32F4xx_HAL_Driver/Src/stm32f4xx_hal_pwr_ex.o
 .debug_line    0x0000fc17      0xe0a ./Drivers/STM32F4xx_HAL_Driver/Src/stm32f4xx_hal_rcc.o
 .debug_line    0x00010a21     0x3772 ./Drivers/STM32F4xx_HAL_Driver/Src/stm32f4xx_hal_tim.o
 .debug_line    0x00014193     0x195d ./Drivers/STM32F4xx_HAL_Driver/Src/stm32f4xx_hal_tim_ex.o
 .debug_line    0x00015af0     0x12a4 ./Middlewares/Third_Party/FreeRTOS/Source/CMSIS_RTOS/cmsis_os.o
 .debug_line    0x00016d94      0x730 ./Middlewares/Third_Party/FreeRTOS/Source/list.o
 .debug_line    0x000174c4     0x188d ./Middlewares/Third_Party/FreeRTOS/Source/tasks.o
 .debug_line    0x00018d51      0x8e4 ./Middlewares/Third_Party/FreeRTOS/Source/portable/GCC/ARM_CM4F/port.o
 .debug_line    0x00019635      0x947 ./Middlewares/Third_Party/FreeRTOS/Source/portable/MemMang/heap_4.o

.debug_str      0x00000000    0xe4100
 .debug_str     0x00000000    0xe4100 ./Core/Src/app_control.o
                              0xdc29f (size before relaxing)
 .debug_str     0x000e4100    0xd2c16 ./Core/Src/as5600_port_hal.o
 .debug_str     0x000e4100    0xd27f6 ./Core/Src/bsp_as5600.o
 .debug_str     0x000e4100    0xd6278 ./Core/Src/bsp_can.o
 .debug_str     0x000e4100    0xd3095 ./Core/Src/can.o
 .debug_str     0x000e4100    0xdc0e1 ./Core/Src/freertos.o
 .debug_str     0x000e4100    0xd2866 ./Core/Src/gpio.o
 .debug_str     0x000e4100    0xd2dd5 ./Core/Src/i2c.o
 .debug_str     0x000e4100    0xdc68c ./Core/Src/main.o
 .debug_str     0x000e4100    0xd63e3 ./Core/Src/pid.o
 .debug_str     0x000e4100    0xd2cf5 ./Core/Src/stm32f4xx_hal_msp.o
 .debug_str     0x000e4100    0xd3314 ./Core/Src/stm32f4xx_hal_timebase_tim.o
 .debug_str     0x000e4100    0xd2ed2 ./Core/Src/stm32f4xx_it.o
 .debug_str     0x000e4100    0xd27d0 ./Core/Src/system_stm32f4xx.o
 .debug_str     0x000e4100       0x7e ./Core/Startup/startup_stm32f427iihx.o
 .debug_str     0x000e4100    0xd33dc ./Drivers/STM32F4xx_HAL_Driver/Src/stm32f4xx_hal.o
 .debug_str     0x000e4100    0xd2eb7 ./Drivers/STM32F4xx_HAL_Driver/Src/stm32f4xx_hal_can.o
 .debug_str     0x000e4100    0xd310a ./Drivers/STM32F4xx_HAL_Driver/Src/stm32f4xx_hal_cortex.o
 .debug_str     0x000e4100    0xd294b ./Drivers/STM32F4xx_HAL_Driver/Src/stm32f4xx_hal_gpio.o
 .debug_str     0x000e4100    0xd37e0 ./Drivers/STM32F4xx_HAL_Driver/Src/stm32f4xx_hal_i2c.o
 .debug_str     0x000e4100    0xd2b9f ./Drivers/STM32F4xx_HAL_Driver/Src/stm32f4xx_hal_i2c_ex.o
 .debug_str     0x000e4100    0xd29a8 ./Drivers/STM32F4xx_HAL_Driver/Src/stm32f4xx_hal_pwr_ex.o
 .debug_str     0x000e4100    0xd2c04 ./Drivers/STM32F4xx_HAL_Driver/Src/stm32f4xx_hal_rcc.o
 .debug_str     0x000e4100    0xd3b47 ./Drivers/STM32F4xx_HAL_Driver/Src/stm32f4xx_hal_tim.o
 .debug_str     0x000e4100    0xd3353 ./Drivers/STM32F4xx_HAL_Driver/Src/stm32f4xx_hal_tim_ex.o
 .debug_str     0x000e4100     0xee8e ./Middlewares/Third_Party/FreeRTOS/Source/CMSIS_RTOS/cmsis_os.o
 .debug_str     0x000e4100     0xac45 ./Middlewares/Third_Party/FreeRTOS/Source/list.o
 .debug_str     0x000e4100     0xd2ff ./Middlewares/Third_Party/FreeRTOS/Source/tasks.o
 .debug_str     0x000e4100     0xb97f ./Middlewares/Third_Party/FreeRTOS/Source/portable/GCC/ARM_CM4F/port.o
 .debug_str     0x000e4100     0xb587 ./Middlewares/Third_Party/FreeRTOS/Source/portable/MemMang/heap_4.o

.comment        0x00000000       0x43
 .comment       0x00000000       0x43 ./Core/Src/app_control.o
                                 0x44 (size before relaxing)
 .comment       0x00000043       0x44 ./Core/Src/as5600_port_hal.o
 .comment       0x00000043       0x44 ./Core/Src/bsp_as5600.o
 .comment       0x00000043       0x44 ./Core/Src/bsp_can.o
 .comment       0x00000043       0x44 ./Core/Src/can.o
 .comment       0x00000043       0x44 ./Core/Src/freertos.o
 .comment       0x00000043       0x44 ./Core/Src/gpio.o
 .comment       0x00000043       0x44 ./Core/Src/i2c.o
 .comment       0x00000043       0x44 ./Core/Src/main.o
 .comment       0x00000043       0x44 ./Core/Src/pid.o
 .comment       0x00000043       0x44 ./Core/Src/stm32f4xx_hal_msp.o
 .comment       0x00000043       0x44 ./Core/Src/stm32f4xx_hal_timebase_tim.o
 .comment       0x00000043       0x44 ./Core/Src/stm32f4xx_it.o
 .comment       0x00000043       0x44 ./Core/Src/system_stm32f4xx.o
 .comment       0x00000043       0x44 ./Drivers/STM32F4xx_HAL_Driver/Src/stm32f4xx_hal.o
 .comment       0x00000043       0x44 ./Drivers/STM32F4xx_HAL_Driver/Src/stm32f4xx_hal_can.o
 .comment       0x00000043       0x44 ./Drivers/STM32F4xx_HAL_Driver/Src/stm32f4xx_hal_cortex.o
 .comment       0x00000043       0x44 ./Drivers/STM32F4xx_HAL_Driver/Src/stm32f4xx_hal_gpio.o
 .comment       0x00000043       0x44 ./Drivers/STM32F4xx_HAL_Driver/Src/stm32f4xx_hal_i2c.o
 .comment       0x00000043       0x44 ./Drivers/STM32F4xx_HAL_Driver/Src/stm32f4xx_hal_i2c_ex.o
 .comment       0x00000043       0x44 ./Drivers/STM32F4xx_HAL_Driver/Src/stm32f4xx_hal_pwr_ex.o
 .comment       0x00000043       0x44 ./Drivers/STM32F4xx_HAL_Driver/Src/stm32f4xx_hal_rcc.o
 .comment       0x00000043       0x44 ./Drivers/STM32F4xx_HAL_Driver/Src/stm32f4xx_hal_tim.o
 .comment       0x00000043       0x44 ./Drivers/STM32F4xx_HAL_Driver/Src/stm32f4xx_hal_tim_ex.o
 .comment       0x00000043       0x44 ./Middlewares/Third_Party/FreeRTOS/Source/CMSIS_RTOS/cmsis_os.o
 .comment       0x00000043       0x44 ./Middlewares/Third_Party/FreeRTOS/Source/list.o
 .comment       0x00000043       0x44 ./Middlewares/Third_Party/FreeRTOS/Source/tasks.o
 .comment       0x00000043       0x44 ./Middlewares/Third_Party/FreeRTOS/Source/portable/GCC/ARM_CM4F/port.o
 .comment       0x00000043       0x44 ./Middlewares/Third_Party/FreeRTOS/Source/portable/MemMang/heap_4.o

.debug_frame    0x00000000     0x56a0
 .debug_frame   0x00000000       0xc0 ./Core/Src/app_control.o
 .debug_frame   0x000000c0       0x7c ./Core/Src/as5600_port_hal.o
 .debug_frame   0x0000013c       0xa4 ./Core/Src/bsp_as5600.o
 .debug_frame   0x000001e0       0xf4 ./Core/Src/bsp_can.o
 .debug_frame   0x000002d4       0x74 ./Core/Src/can.o
 .debug_frame   0x00000348       0x84 ./Core/Src/freertos.o
 .debug_frame   0x000003cc       0x34 ./Core/Src/gpio.o
 .debug_frame   0x00000400       0x74 ./Core/Src/i2c.o
 .debug_frame   0x00000474       0x8c ./Core/Src/main.o
 .debug_frame   0x00000500      0x11c ./Core/Src/pid.o
 .debug_frame   0x0000061c       0x34 ./Core/Src/stm32f4xx_hal_msp.o
 .debug_frame   0x00000650       0x74 ./Core/Src/stm32f4xx_hal_timebase_tim.o
 .debug_frame   0x000006c4       0xfc ./Core/Src/stm32f4xx_it.o
 .debug_frame   0x000007c0       0x58 ./Core/Src/system_stm32f4xx.o
 .debug_frame   0x00000818      0x3b4 ./Drivers/STM32F4xx_HAL_Driver/Src/stm32f4xx_hal.o
 .debug_frame   0x00000bcc      0x5a0 ./Drivers/STM32F4xx_HAL_Driver/Src/stm32f4xx_hal_can.o
 .debug_frame   0x0000116c      0x508 ./Drivers/STM32F4xx_HAL_Driver/Src/stm32f4xx_hal_cortex.o
 .debug_frame   0x00001674      0x14c ./Drivers/STM32F4xx_HAL_Driver/Src/stm32f4xx_hal_gpio.o
 .debug_frame   0x000017c0      0xc84 ./Drivers/STM32F4xx_HAL_Driver/Src/stm32f4xx_hal_i2c.o
 .debug_frame   0x00002444       0x60 ./Drivers/STM32F4xx_HAL_Driver/Src/stm32f4xx_hal_i2c_ex.o
 .debug_frame   0x000024a4      0x14c ./Drivers/STM32F4xx_HAL_Driver/Src/stm32f4xx_hal_pwr_ex.o
 .debug_frame   0x000025f0      0x1f4 ./Drivers/STM32F4xx_HAL_Driver/Src/stm32f4xx_hal_rcc.o
 .debug_frame   0x000027e4     0x11c0 ./Drivers/STM32F4xx_HAL_Driver/Src/stm32f4xx_hal_tim.o
 .debug_frame   0x000039a4      0x638 ./Drivers/STM32F4xx_HAL_Driver/Src/stm32f4xx_hal_tim_ex.o
 .debug_frame   0x00003fdc      0x80c ./Middlewares/Third_Party/FreeRTOS/Source/CMSIS_RTOS/cmsis_os.o
 .debug_frame   0x000047e8       0xd8 ./Middlewares/Third_Party/FreeRTOS/Source/list.o
 .debug_frame   0x000048c0      0x77c ./Middlewares/Third_Party/FreeRTOS/Source/tasks.o
 .debug_frame   0x0000503c      0x1a8 ./Middlewares/Third_Party/FreeRTOS/Source/portable/GCC/ARM_CM4F/port.o
 .debug_frame   0x000051e4      0x12c ./Middlewares/Third_Party/FreeRTOS/Source/portable/MemMang/heap_4.o
 .debug_frame   0x00005310      0x144 /Applications/STM32CubeIDE.app/Contents/Eclipse/plugins/com.st.stm32cube.ide.mcu.externaltools.gnu-tools-for-stm32.13.3.rel1.macos64_1.0.0.202411102158/tools/bin/../lib/gcc/arm-none-eabi/13.3.1/../../../../arm-none-eabi/lib/thumb/v7e-m+fp/hard/libc_nano.a(libc_a-findfp.o)
 .debug_frame   0x00005454       0x20 /Applications/STM32CubeIDE.app/Contents/Eclipse/plugins/com.st.stm32cube.ide.mcu.externaltools.gnu-tools-for-stm32.13.3.rel1.macos64_1.0.0.202411102158/tools/bin/../lib/gcc/arm-none-eabi/13.3.1/../../../../arm-none-eabi/lib/thumb/v7e-m+fp/hard/libc_nano.a(libc_a-memset.o)
 .debug_frame   0x00005474       0x2c /Applications/STM32CubeIDE.app/Contents/Eclipse/plugins/com.st.stm32cube.ide.mcu.externaltools.gnu-tools-for-stm32.13.3.rel1.macos64_1.0.0.202411102158/tools/bin/../lib/gcc/arm-none-eabi/13.3.1/../../../../arm-none-eabi/lib/thumb/v7e-m+fp/hard/libc_nano.a(libc_a-init.o)
 .debug_frame   0x000054a0       0xb0 /Applications/STM32CubeIDE.app/Contents/Eclipse/plugins/com.st.stm32cube.ide.mcu.externaltools.gnu-tools-for-stm32.13.3.rel1.macos64_1.0.0.202411102158/tools/bin/../lib/gcc/arm-none-eabi/13.3.1/../../../../arm-none-eabi/lib/thumb/v7e-m+fp/hard/libc_nano.a(libc_a-lock.o)
 .debug_frame   0x00005550       0x38 /Applications/STM32CubeIDE.app/Contents/Eclipse/plugins/com.st.stm32cube.ide.mcu.externaltools.gnu-tools-for-stm32.13.3.rel1.macos64_1.0.0.202411102158/tools/bin/../lib/gcc/arm-none-eabi/13.3.1/../../../../arm-none-eabi/lib/thumb/v7e-m+fp/hard/libc_nano.a(libc_a-reent.o)
 .debug_frame   0x00005588       0x38 /Applications/STM32CubeIDE.app/Contents/Eclipse/plugins/com.st.stm32cube.ide.mcu.externaltools.gnu-tools-for-stm32.13.3.rel1.macos64_1.0.0.202411102158/tools/bin/../lib/gcc/arm-none-eabi/13.3.1/../../../../arm-none-eabi/lib/thumb/v7e-m+fp/hard/libc_nano.a(libc_a-freer.o)